[Sat Jun 14 15:42:43.914379 2025] [cgid:error] [pid 53838:tid 140145244235520] [client 172.68.138.135:12804] [Sat Jun 14 15:42:43 2025] fs.cgi: Params: $VAR1 = [];: /var/www/cgi-bin/fs.cgi
[Sat Jun 14 15:42:44.371246 2025] [cgid:error] [pid 53838:tid 140145848215296] [client 172.71.103.170:59974] [Sat Jun 14 15:42:44 2025] fs.cgi: Exec query: SET NAMES 'utf8': /var/www/cgi-bin/fs.cgi
[Sat Jun 14 15:42:44.371281 2025] [cgid:error] [pid 53838:tid 140145848215296] [client 172.71.103.170:59974] [Sat Jun 14 15:42:44 2025] fs.cgi: Params: $VAR1 = [];: /var/www/cgi-bin/fs.cgi
[Sat Jun 14 15:42:44.493962 2025] [cgid:error] [pid 53599:tid 140145621710592] [client 172.71.183.70:16538] [Sat Jun 14 15:42:44 2025] fs.cgi: Exec query: SET NAMES 'utf8': /var/www/cgi-bin/fs.cgi
[Sat Jun 14 15:42:44.494019 2025] [cgid:error] [pid 53599:tid 140145621710592] [client 172.71.183.70:16538] [Sat Jun 14 15:42:44 2025] fs.cgi: Params: $VAR1 = [];: /var/www/cgi-bin/fs.cgi
[Sat Jun 14 15:42:45.027611 2025] [cgid:error] [pid 53599:tid 140145655281408] [client 172.71.190.196:33730] [Sat Jun 14 15:42:45 2025] fs.cgi: Exec query: SET NAMES 'utf8': /var/www/cgi-bin/fs.cgi
[Sat Jun 14 15:42:45.027664 2025] [cgid:error] [pid 53599:tid 140145655281408] [client 172.71.190.196:33730] [Sat Jun 14 15:42:45 2025] fs.cgi: Params: $VAR1 = [];: /var/www/cgi-bin/fs.cgi
[Sat Jun 14 15:42:45.335744 2025] [cgid:error] [pid 53838:tid 140146343122688] [client 172.70.134.247:15514] [Sat Jun 14 15:42:45 2025] fs.cgi: Exec query: SET NAMES 'utf8': /var/www/cgi-bin/fs.cgi
[Sat Jun 14 15:42:45.335820 2025] [cgid:error] [pid 53838:tid 140146343122688] [client 172.70.134.247:15514] [Sat Jun 14 15:42:45 2025] fs.cgi: Params: $VAR1 = [];: /var/www/cgi-bin/fs.cgi
[Sat Jun 14 15:42:46.070007 2025] [cgid:error] [pid 53838:tid 140146770953984] [client 172.70.135.31:43928] [Sat Jun 14 15:42:46 2025] fs.cgi: Exec query: SET NAMES 'utf8': /var/www/cgi-bin/fs.cgi
[Sat Jun 14 15:42:46.070051 2025] [cgid:error] [pid 53838:tid 140146770953984] [client 172.70.135.31:43928] [Sat Jun 14 15:42:46 2025] fs.cgi: Params: $VAR1 = [];: /var/www/cgi-bin/fs.cgi
[Sat Jun 14 15:42:46.707435 2025] [cgid:error] [pid 53838:tid 140146376693504] [client 172.71.98.127:16736] [Sat Jun 14 15:42:46 2025] fs.cgi: Exec query: SET NAMES 'utf8': /var/www/cgi-bin/fs.cgi
[Sat Jun 14 15:42:46.707474 2025] [cgid:error] [pid 53838:tid 140146376693504] [client 172.71.98.127:16736] [Sat Jun 14 15:42:46 2025] fs.cgi: Params: $VAR1 = [];: /var/www/cgi-bin/fs.cgi
[Sat Jun 14 15:42:47.497023 2025] [cgid:error] [pid 53601:tid 140147012368128] [client 172.71.194.181:11866] [Sat Jun 14 15:42:47 2025] fs.cgi: Exec query: SET NAMES 'utf8': /var/www/cgi-bin/fs.cgi
[Sat Jun 14 15:42:47.497064 2025] [cgid:error] [pid 53601:tid 140147012368128] [client 172.71.194.181:11866] [Sat Jun 14 15:42:47 2025] fs.cgi: Params: $VAR1 = [];: /var/www/cgi-bin/fs.cgi
[Sat Jun 14 15:42:48.234938 2025] [cgid:error] [pid 53838:tid 140145831429888] [client 172.70.38.215:30350] [Sat Jun 14 15:42:48 2025] fs.cgi: Exec query: SET NAMES 'utf8': /var/www/cgi-bin/fs.cgi
[Sat Jun 14 15:42:48.235009 2025] [cgid:error] [pid 53838:tid 140145831429888] [client 172.70.38.215:30350] [Sat Jun 14 15:42:48 2025] fs.cgi: Params: $VAR1 = [];: /var/www/cgi-bin/fs.cgi
[Sat Jun 14 15:42:48.846185 2025] [cgid:error] [pid 53838:tid 140146385086208] [client 172.71.102.97:59200] [Sat Jun 14 15:42:48 2025] fs.cgi: Exec query: SET NAMES 'utf8': /var/www/cgi-bin/fs.cgi
[Sat Jun 14 15:42:48.846241 2025] [cgid:error] [pid 53838:tid 140146385086208] [client 172.71.102.97:59200] [Sat Jun 14 15:42:48 2025] fs.cgi: Params: $VAR1 = [];: /var/www/cgi-bin/fs.cgi
[Sat Jun 14 15:42:49.045223 2025] [cgid:error] [pid 53600:tid 140146166974208] [client 172.71.98.182:65530] [Sat Jun 14 15:42:49 2025] fs.cgi: Exec query: SET NAMES 'utf8': /var/www/cgi-bin/fs.cgi
[Sat Jun 14 15:42:49.045269 2025] [cgid:error] [pid 53600:tid 140146166974208] [client 172.71.98.182:65530] [Sat Jun 14 15:42:49 2025] fs.cgi: Params: $VAR1 = [];: /var/www/cgi-bin/fs.cgi
[Sat Jun 14 15:42:49.047185 2025] [cgid:error] [pid 53838:tid 140146393478912] [client 172.71.98.33:23090] [Sat Jun 14 15:42:49 2025] fs.cgi: Exec query: SET NAMES 'utf8': /var/www/cgi-bin/fs.cgi
[Sat Jun 14 15:42:49.047207 2025] [cgid:error] [pid 53838:tid 140146393478912] [client 172.71.98.33:23090] [Sat Jun 14 15:42:49 2025] fs.cgi: Params: $VAR1 = [];: /var/www/cgi-bin/fs.cgi
[Sat Jun 14 15:42:49.482855 2025] [cgid:error] [pid 53838:tid 140145244235520] [client 172.70.46.130:55064] [Sat Jun 14 15:42:49 2025] fs.cgi: Exec query: SET NAMES 'utf8': /var/www/cgi-bin/fs.cgi
[Sat Jun 14 15:42:49.482892 2025] [cgid:error] [pid 53838:tid 140145244235520] [client 172.70.46.130:55064] [Sat Jun 14 15:42:49 2025] fs.cgi: Params: $VAR1 = [];: /var/www/cgi-bin/fs.cgi
[Sat Jun 14 15:42:50.351894 2025] [cgid:error] [pid 53601:tid 140146888386304] [client 172.71.222.21:38078] [Sat Jun 14 15:42:50 2025] fs.cgi: Exec query: SET NAMES 'utf8': /var/www/cgi-bin/fs.cgi
[Sat Jun 14 15:42:50.351943 2025] [cgid:error] [pid 53601:tid 140146888386304] [client 172.71.222.21:38078] [Sat Jun 14 15:42:50 2025] fs.cgi: Params: $VAR1 = [];: /var/www/cgi-bin/fs.cgi
[Sat Jun 14 15:42:50.389237 2025] [cgid:error] [pid 53601:tid 140146896779008] [client 172.68.138.134:44142] [Sat Jun 14 15:42:50 2025] fs.cgi: Exec query: SET NAMES 'utf8': /var/www/cgi-bin/fs.cgi
[Sat Jun 14 15:42:50.389294 2025] [cgid:error] [pid 53601:tid 140146896779008] [client 172.68.138.134:44142] [Sat Jun 14 15:42:50 2025] fs.cgi: Params: $VAR1 = [];: /var/www/cgi-bin/fs.cgi
[Sat Jun 14 15:42:50.484830 2025] [cgid:error] [pid 53601:tid 140146276013824] [client 172.70.34.85:28718] [Sat Jun 14 15:42:50 2025] fs.cgi: Exec query: SET NAMES 'utf8': /var/www/cgi-bin/fs.cgi
[Sat Jun 14 15:42:50.484867 2025] [cgid:error] [pid 53601:tid 140146276013824] [client 172.70.34.85:28718] [Sat Jun 14 15:42:50 2025] fs.cgi: Params: $VAR1 = [];: /var/www/cgi-bin/fs.cgi
[Sat Jun 14 15:42:50.902630 2025] [cgid:error] [pid 53600:tid 140146175366912] [client 172.68.245.142:53064] [Sat Jun 14 15:42:50 2025] fs.cgi: Exec query: SET NAMES 'utf8': /var/www/cgi-bin/fs.cgi
[Sat Jun 14 15:42:50.902685 2025] [cgid:error] [pid 53600:tid 140146175366912] [client 172.68.245.142:53064] [Sat Jun 14 15:42:50 2025] fs.cgi: Params: $VAR1 = [];: /var/www/cgi-bin/fs.cgi
[Sat Jun 14 15:42:51.194834 2025] [cgid:error] [pid 53600:tid 140146141796096] [client 172.68.244.141:17088] [Sat Jun 14 15:42:51 2025] fs.cgi: Exec query: SET NAMES 'utf8': /var/www/cgi-bin/fs.cgi
[Sat Jun 14 15:42:51.194886 2025] [cgid:error] [pid 53600:tid 140146141796096] [client 172.68.244.141:17088] [Sat Jun 14 15:42:51 2025] fs.cgi: Params: $VAR1 = [];: /var/www/cgi-bin/fs.cgi
[Sat Jun 14 15:42:51.400427 2025] [cgid:error] [pid 53600:tid 140145655281408] [client 104.23.170.72:26608] [Sat Jun 14 15:42:51 2025] fs.cgi: Exec query: SET NAMES 'utf8': /var/www/cgi-bin/fs.cgi
[Sat Jun 14 15:42:51.400470 2025] [cgid:error] [pid 53600:tid 140145655281408] [client 104.23.170.72:26608] [Sat Jun 14 15:42:51 2025] fs.cgi: Params: $VAR1 = [];: /var/www/cgi-bin/fs.cgi
[Sat Jun 14 15:42:51.644761 2025] [cgid:error] [pid 53838:tid 140147020760832] [client 172.70.175.8:57588] [Sat Jun 14 15:42:51 2025] fs.cgi: Exec query: SET NAMES 'utf8': /var/www/cgi-bin/fs.cgi
[Sat Jun 14 15:42:51.644811 2025] [cgid:error] [pid 53838:tid 140147020760832] [client 172.70.175.8:57588] [Sat Jun 14 15:42:51 2025] fs.cgi: Params: $VAR1 = [];: /var/www/cgi-bin/fs.cgi
[Sat Jun 14 15:42:52.555688 2025] [cgid:error] [pid 53838:tid 140146770953984] [client 162.158.152.202:27616] [Sat Jun 14 15:42:52 2025] fs.cgi: Exec query: SET NAMES 'utf8': /var/www/cgi-bin/fs.cgi
[Sat Jun 14 15:42:52.555732 2025] [cgid:error] [pid 53838:tid 140146770953984] [client 162.158.152.202:27616] [Sat Jun 14 15:42:52 2025] fs.cgi: Params: $VAR1 = [];: /var/www/cgi-bin/fs.cgi
[Sat Jun 14 15:42:53.181649 2025] [cgid:error] [pid 53599:tid 140146921957120] [client 172.71.182.46:56822] [Sat Jun 14 15:42:53 2025] fs.cgi: Exec query: SET NAMES 'utf8': /var/www/cgi-bin/fs.cgi
[Sat Jun 14 15:42:53.181703 2025] [cgid:error] [pid 53599:tid 140146921957120] [client 172.71.182.46:56822] [Sat Jun 14 15:42:53 2025] fs.cgi: Params: $VAR1 = [];: /var/www/cgi-bin/fs.cgi
[Sat Jun 14 15:42:53.750085 2025] [cgid:error] [pid 53838:tid 140145831429888] [client 172.71.183.67:16134] [Sat Jun 14 15:42:53 2025] fs.cgi: Exec query: SET NAMES 'utf8': /var/www/cgi-bin/fs.cgi
[Sat Jun 14 15:42:53.750132 2025] [cgid:error] [pid 53838:tid 140145831429888] [client 172.71.183.67:16134] [Sat Jun 14 15:42:53 2025] fs.cgi: Params: $VAR1 = [];: /var/www/cgi-bin/fs.cgi
[Sat Jun 14 15:42:54.406542 2025] [cgid:error] [pid 53600:tid 140145613317888] [client 104.23.166.91:38344] [Sat Jun 14 15:42:54 2025] fs.cgi: Exec query: SET NAMES 'utf8': /var/www/cgi-bin/fs.cgi
[Sat Jun 14 15:42:54.406588 2025] [cgid:error] [pid 53600:tid 140145613317888] [client 104.23.166.91:38344] [Sat Jun 14 15:42:54 2025] fs.cgi: Params: $VAR1 = [];: /var/www/cgi-bin/fs.cgi
[Sat Jun 14 15:42:54.691884 2025] [cgid:error] [pid 53600:tid 140145604925184] [client 172.70.134.161:64080] [Sat Jun 14 15:42:54 2025] fs.cgi: Exec query: SET NAMES 'utf8': /var/www/cgi-bin/fs.cgi
[Sat Jun 14 15:42:54.691929 2025] [cgid:error] [pid 53600:tid 140145604925184] [client 172.70.134.161:64080] [Sat Jun 14 15:42:54 2025] fs.cgi: Params: $VAR1 = [];: /var/www/cgi-bin/fs.cgi
[Sat Jun 14 15:42:55.634593 2025] [cgid:error] [pid 53601:tid 140146309584640] [client 172.70.38.138:38632] [Sat Jun 14 15:42:55 2025] fs.cgi: Exec query: SET NAMES 'utf8': /var/www/cgi-bin/fs.cgi
[Sat Jun 14 15:42:55.634653 2025] [cgid:error] [pid 53601:tid 140146309584640] [client 172.70.38.138:38632] [Sat Jun 14 15:42:55 2025] fs.cgi: Params: $VAR1 = [];: /var/www/cgi-bin/fs.cgi
[Sat Jun 14 15:42:55.789772 2025] [cgid:error] [pid 53601:tid 140145789499136] [client 162.158.78.67:28594] [Sat Jun 14 15:42:55 2025] fs.cgi: Exec query: SET NAMES 'utf8': /var/www/cgi-bin/fs.cgi
[Sat Jun 14 15:42:55.789805 2025] [cgid:error] [pid 53601:tid 140145789499136] [client 162.158.78.67:28594] [Sat Jun 14 15:42:55 2025] fs.cgi: Params: $VAR1 = [];: /var/www/cgi-bin/fs.cgi
[Sat Jun 14 15:42:55.843504 2025] [cgid:error] [pid 53601:tid 140145772713728] [client 104.23.168.84:44160] [Sat Jun 14 15:42:55 2025] fs.cgi: Exec query: SET NAMES 'utf8': /var/www/cgi-bin/fs.cgi
[Sat Jun 14 15:42:55.843547 2025] [cgid:error] [pid 53601:tid 140145772713728] [client 104.23.168.84:44160] [Sat Jun 14 15:42:55 2025] fs.cgi: Params: $VAR1 = [];: /var/www/cgi-bin/fs.cgi
[Sat Jun 14 15:42:56.099447 2025] [cgid:error] [pid 53601:tid 140146284406528] [client 172.71.183.122:14516] [Sat Jun 14 15:42:56 2025] fs.cgi: Exec query: SET NAMES 'utf8': /var/www/cgi-bin/fs.cgi
[Sat Jun 14 15:42:56.099503 2025] [cgid:error] [pid 53601:tid 140146284406528] [client 172.71.183.122:14516] [Sat Jun 14 15:42:56 2025] fs.cgi: Params: $VAR1 = [];: /var/www/cgi-bin/fs.cgi
[Sat Jun 14 15:42:56.844548 2025] [cgid:error] [pid 53600:tid 140146812688128] [client 172.70.38.5:42076] [Sat Jun 14 15:42:56 2025] fs.cgi: Exec query: SET NAMES 'utf8': /var/www/cgi-bin/fs.cgi
[Sat Jun 14 15:42:56.844592 2025] [cgid:error] [pid 53600:tid 140146812688128] [client 172.70.38.5:42076] [Sat Jun 14 15:42:56 2025] fs.cgi: Params: $VAR1 = [];: /var/www/cgi-bin/fs.cgi
[Sat Jun 14 15:42:57.347617 2025] [cgid:error] [pid 53601:tid 140145739142912] [client 172.71.190.177:29402] [Sat Jun 14 15:42:57 2025] fs.cgi: Exec query: SET NAMES 'utf8': /var/www/cgi-bin/fs.cgi
[Sat Jun 14 15:42:57.347679 2025] [cgid:error] [pid 53601:tid 140145739142912] [client 172.71.190.177:29402] [Sat Jun 14 15:42:57 2025] fs.cgi: Params: $VAR1 = [];: /var/www/cgi-bin/fs.cgi
[Sat Jun 14 15:42:57.545963 2025] [cgid:error] [pid 53838:tid 140146359908096] [client 172.71.98.135:58052] [Sat Jun 14 15:42:57 2025] fs.cgi: Exec query: SET NAMES 'utf8': /var/www/cgi-bin/fs.cgi
[Sat Jun 14 15:42:57.546000 2025] [cgid:error] [pid 53838:tid 140146359908096] [client 172.71.98.135:58052] [Sat Jun 14 15:42:57 2025] fs.cgi: Params: $VAR1 = [];: /var/www/cgi-bin/fs.cgi
[Sat Jun 14 15:42:57.748979 2025] [cgid:error] [pid 53838:tid 140145823037184] [client 172.71.98.127:44530] [Sat Jun 14 15:42:57 2025] fs.cgi: Exec query: SET NAMES 'utf8': /var/www/cgi-bin/fs.cgi
[Sat Jun 14 15:42:57.749020 2025] [cgid:error] [pid 53838:tid 140145823037184] [client 172.71.98.127:44530] [Sat Jun 14 15:42:57 2025] fs.cgi: Params: $VAR1 = [];: /var/www/cgi-bin/fs.cgi
[Sat Jun 14 15:42:58.451703 2025] [cgid:error] [pid 53601:tid 140145252628224] [client 104.23.170.15:56444] [Sat Jun 14 15:42:58 2025] fs.cgi: Exec query: SET NAMES 'utf8': /var/www/cgi-bin/fs.cgi
[Sat Jun 14 15:42:58.451743 2025] [cgid:error] [pid 53601:tid 140145252628224] [client 104.23.170.15:56444] [Sat Jun 14 15:42:58 2025] fs.cgi: Params: $VAR1 = [];: /var/www/cgi-bin/fs.cgi
[Sat Jun 14 15:42:59.012126 2025] [cgid:error] [pid 53838:tid 140147020760832] [client 172.70.43.137:54366] [Sat Jun 14 15:42:59 2025] fs.cgi: Exec query: SET NAMES 'utf8': /var/www/cgi-bin/fs.cgi
[Sat Jun 14 15:42:59.012175 2025] [cgid:error] [pid 53838:tid 140147020760832] [client 172.70.43.137:54366] [Sat Jun 14 15:42:59 2025] fs.cgi: Params: $VAR1 = [];: /var/www/cgi-bin/fs.cgi
[Sat Jun 14 15:42:59.530773 2025] [cgid:error] [pid 53600:tid 140145118410496] [client 172.70.175.19:12648] [Sat Jun 14 15:42:59 2025] fs.cgi: Exec query: SET NAMES 'utf8': /var/www/cgi-bin/fs.cgi
[Sat Jun 14 15:42:59.530813 2025] [cgid:error] [pid 53600:tid 140145118410496] [client 172.70.175.19:12648] [Sat Jun 14 15:42:59 2025] fs.cgi: Params: $VAR1 = [];: /var/www/cgi-bin/fs.cgi
[Sat Jun 14 15:42:59.749702 2025] [cgid:error] [pid 53599:tid 140146905171712] [client 104.23.170.96:16734] [Sat Jun 14 15:42:59 2025] fs.cgi: Exec query: SET NAMES 'utf8': /var/www/cgi-bin/fs.cgi
[Sat Jun 14 15:42:59.749745 2025] [cgid:error] [pid 53599:tid 140146905171712] [client 104.23.170.96:16734] [Sat Jun 14 15:42:59 2025] fs.cgi: Params: $VAR1 = [];: /var/www/cgi-bin/fs.cgi
[Sat Jun 14 15:42:59.935549 2025] [cgid:error] [pid 53838:tid 140145806251776] [client 172.71.194.181:44388] [Sat Jun 14 15:42:59 2025] fs.cgi: Exec query: SET NAMES 'utf8': /var/www/cgi-bin/fs.cgi
[Sat Jun 14 15:42:59.935588 2025] [cgid:error] [pid 53838:tid 140145806251776] [client 172.71.194.181:44388] [Sat Jun 14 15:42:59 2025] fs.cgi: Params: $VAR1 = [];: /var/www/cgi-bin/fs.cgi
[Sat Jun 14 15:43:00.086208 2025] [cgid:error] [pid 53599:tid 140146913564416] [client 162.158.78.94:29064] [Sat Jun 14 15:43:00 2025] fs.cgi: Exec query: SET NAMES 'utf8': /var/www/cgi-bin/fs.cgi
[Sat Jun 14 15:43:00.086258 2025] [cgid:error] [pid 53599:tid 140146913564416] [client 162.158.78.94:29064] [Sat Jun 14 15:43:00 2025] fs.cgi: Params: $VAR1 = [];: /var/www/cgi-bin/fs.cgi
[Sat Jun 14 15:43:00.790487 2025] [cgid:error] [pid 53838:tid 140146343122688] [client 172.70.34.56:22516] [Sat Jun 14 15:43:00 2025] fs.cgi: Exec query: SET NAMES 'utf8': /var/www/cgi-bin/fs.cgi
[Sat Jun 14 15:43:00.790541 2025] [cgid:error] [pid 53838:tid 140146343122688] [client 172.70.34.56:22516] [Sat Jun 14 15:43:00 2025] fs.cgi: Params: $VAR1 = [];: /var/www/cgi-bin/fs.cgi
[Sat Jun 14 15:43:00.792140 2025] [cgid:error] [pid 53600:tid 140146158581504] [client 172.71.95.34:21082] [Sat Jun 14 15:43:00 2025] fs.cgi: Exec query: SET NAMES 'utf8': /var/www/cgi-bin/fs.cgi
[Sat Jun 14 15:43:00.792168 2025] [cgid:error] [pid 53600:tid 140146158581504] [client 172.71.95.34:21082] [Sat Jun 14 15:43:00 2025] fs.cgi: Params: $VAR1 = [];: /var/www/cgi-bin/fs.cgi
[Sat Jun 14 15:43:01.160168 2025] [cgid:error] [pid 53838:tid 140146770953984] [client 172.70.135.69:49880] [Sat Jun 14 15:43:01 2025] fs.cgi: Exec query: SET NAMES 'utf8': /var/www/cgi-bin/fs.cgi
[Sat Jun 14 15:43:01.160238 2025] [cgid:error] [pid 53838:tid 140146770953984] [client 172.70.135.69:49880] [Sat Jun 14 15:43:01 2025] fs.cgi: Params: $VAR1 = [];: /var/www/cgi-bin/fs.cgi
[Sat Jun 14 15:43:01.898588 2025] [cgid:error] [pid 53838:tid 140146368300800] [client 104.23.166.193:46932] [Sat Jun 14 15:43:01 2025] fs.cgi: Exec query: SET NAMES 'utf8': /var/www/cgi-bin/fs.cgi
[Sat Jun 14 15:43:01.898630 2025] [cgid:error] [pid 53838:tid 140146368300800] [client 104.23.166.193:46932] [Sat Jun 14 15:43:01 2025] fs.cgi: Params: $VAR1 = [];: /var/www/cgi-bin/fs.cgi
[Sat Jun 14 15:43:02.189991 2025] [cgid:error] [pid 53599:tid 140146879993600] [client 104.23.172.60:52280] [Sat Jun 14 15:43:02 2025] fs.cgi: Exec query: SET NAMES 'utf8': /var/www/cgi-bin/fs.cgi
[Sat Jun 14 15:43:02.190041 2025] [cgid:error] [pid 53599:tid 140146879993600] [client 104.23.172.60:52280] [Sat Jun 14 15:43:02 2025] fs.cgi: Params: $VAR1 = [];: /var/www/cgi-bin/fs.cgi
[Sat Jun 14 15:43:03.123192 2025] [cgid:error] [pid 53838:tid 140145814644480] [client 172.70.47.186:40140] [Sat Jun 14 15:43:03 2025] fs.cgi: Exec query: SET NAMES 'utf8': /var/www/cgi-bin/fs.cgi
[Sat Jun 14 15:43:03.123244 2025] [cgid:error] [pid 53838:tid 140145814644480] [client 172.70.47.186:40140] [Sat Jun 14 15:43:03 2025] fs.cgi: Params: $VAR1 = [];: /var/www/cgi-bin/fs.cgi
[Sat Jun 14 15:43:03.323519 2025] [cgid:error] [pid 53601:tid 140146888386304] [client 172.70.38.180:55766] [Sat Jun 14 15:43:03 2025] fs.cgi: Exec query: SET NAMES 'utf8': /var/www/cgi-bin/fs.cgi
[Sat Jun 14 15:43:03.323569 2025] [cgid:error] [pid 53601:tid 140146888386304] [client 172.70.38.180:55766] [Sat Jun 14 15:43:03 2025] fs.cgi: Params: $VAR1 = [];: /var/www/cgi-bin/fs.cgi
[Sat Jun 14 15:43:03.492398 2025] [cgid:error] [pid 53600:tid 140146175366912] [client 162.158.79.163:62418] [Sat Jun 14 15:43:03 2025] fs.cgi: Exec query: SET NAMES 'utf8': /var/www/cgi-bin/fs.cgi
[Sat Jun 14 15:43:03.492446 2025] [cgid:error] [pid 53600:tid 140146175366912] [client 162.158.79.163:62418] [Sat Jun 14 15:43:03 2025] fs.cgi: Params: $VAR1 = [];: /var/www/cgi-bin/fs.cgi
[Sat Jun 14 15:43:04.098955 2025] [cgid:error] [pid 53838:tid 140146754168576] [client 172.68.244.196:61356] [Sat Jun 14 15:43:04 2025] fs.cgi: Exec query: SET NAMES 'utf8': /var/www/cgi-bin/fs.cgi
[Sat Jun 14 15:43:04.098995 2025] [cgid:error] [pid 53838:tid 140146754168576] [client 172.68.244.196:61356] [Sat Jun 14 15:43:04 2025] fs.cgi: Params: $VAR1 = [];: /var/www/cgi-bin/fs.cgi
[Sat Jun 14 15:43:05.118661 2025] [cgid:error] [pid 53600:tid 140145638496000] [client 104.23.170.72:11322] [Sat Jun 14 15:43:05 2025] fs.cgi: Exec query: SET NAMES 'utf8': /var/www/cgi-bin/fs.cgi
[Sat Jun 14 15:43:05.118716 2025] [cgid:error] [pid 53600:tid 140145638496000] [client 104.23.170.72:11322] [Sat Jun 14 15:43:05 2025] fs.cgi: Params: $VAR1 = [];: /var/www/cgi-bin/fs.cgi
[Sat Jun 14 15:43:05.468871 2025] [cgid:error] [pid 53600:tid 140146150188800] [client 172.70.35.83:30014] [Sat Jun 14 15:43:05 2025] fs.cgi: Exec query: SET NAMES 'utf8': /var/www/cgi-bin/fs.cgi
[Sat Jun 14 15:43:05.468914 2025] [cgid:error] [pid 53600:tid 140146150188800] [client 172.70.35.83:30014] [Sat Jun 14 15:43:05 2025] fs.cgi: Params: $VAR1 = [];: /var/www/cgi-bin/fs.cgi
[Sat Jun 14 15:43:05.491563 2025] [cgid:error] [pid 53601:tid 140145781106432] [client 172.71.103.175:61358] [Sat Jun 14 15:43:05 2025] fs.cgi: Exec query: SET NAMES 'utf8': /var/www/cgi-bin/fs.cgi
[Sat Jun 14 15:43:05.491611 2025] [cgid:error] [pid 53601:tid 140145781106432] [client 172.71.103.175:61358] [Sat Jun 14 15:43:05 2025] fs.cgi: Params: $VAR1 = [];: /var/www/cgi-bin/fs.cgi
[Sat Jun 14 15:43:05.942295 2025] [cgid:error] [pid 53838:tid 140146393478912] [client 172.70.174.185:38586] [Sat Jun 14 15:43:05 2025] fs.cgi: Exec query: SET NAMES 'utf8': /var/www/cgi-bin/fs.cgi
[Sat Jun 14 15:43:05.942356 2025] [cgid:error] [pid 53838:tid 140146393478912] [client 172.70.174.185:38586] [Sat Jun 14 15:43:05 2025] fs.cgi: Params: $VAR1 = [];: /var/www/cgi-bin/fs.cgi
[Sat Jun 14 15:43:06.246697 2025] [cgid:error] [pid 53601:tid 140147020760832] [client 104.23.170.15:38358] [Sat Jun 14 15:43:06 2025] fs.cgi: Exec query: SET NAMES 'utf8': /var/www/cgi-bin/fs.cgi
[Sat Jun 14 15:43:06.246742 2025] [cgid:error] [pid 53601:tid 140147020760832] [client 104.23.170.15:38358] [Sat Jun 14 15:43:06 2025] fs.cgi: Params: $VAR1 = [];: /var/www/cgi-bin/fs.cgi
[Sat Jun 14 15:43:07.602594 2025] [cgid:error] [pid 53600:tid 140145101625088] [client 104.23.209.56:39496] [Sat Jun 14 15:43:07 2025] fs.cgi: Exec query: SET NAMES 'utf8': /var/www/cgi-bin/fs.cgi
[Sat Jun 14 15:43:07.602671 2025] [cgid:error] [pid 53600:tid 140145101625088] [client 104.23.209.56:39496] [Sat Jun 14 15:43:07 2025] fs.cgi: Params: $VAR1 = [];: /var/www/cgi-bin/fs.cgi
[Sat Jun 14 15:43:07.748771 2025] [cgid:error] [pid 53601:tid 140146326370048] [client 172.71.103.175:61358] [Sat Jun 14 15:43:07 2025] fs.cgi: Exec query: SET NAMES 'utf8': /var/www/cgi-bin/fs.cgi
[Sat Jun 14 15:43:07.748814 2025] [cgid:error] [pid 53601:tid 140146326370048] [client 172.71.103.175:61358] [Sat Jun 14 15:43:07 2025] fs.cgi: Params: $VAR1 = [];: /var/www/cgi-bin/fs.cgi
[Sat Jun 14 15:43:08.240028 2025] [cgid:error] [pid 53838:tid 140146762561280] [client 172.70.135.196:49908] [Sat Jun 14 15:43:08 2025] fs.cgi: Exec query: SET NAMES 'utf8': /var/www/cgi-bin/fs.cgi
[Sat Jun 14 15:43:08.240096 2025] [cgid:error] [pid 53838:tid 140146762561280] [client 172.70.135.196:49908] [Sat Jun 14 15:43:08 2025] fs.cgi: Params: $VAR1 = [];: /var/www/cgi-bin/fs.cgi
[Sat Jun 14 15:43:08.534466 2025] [cgid:error] [pid 53600:tid 140146729023232] [client 172.70.47.83:24666] [Sat Jun 14 15:43:08 2025] fs.cgi: Exec query: SET NAMES 'utf8': /var/www/cgi-bin/fs.cgi
[Sat Jun 14 15:43:08.534508 2025] [cgid:error] [pid 53600:tid 140146729023232] [client 172.70.47.83:24666] [Sat Jun 14 15:43:08 2025] fs.cgi: Params: $VAR1 = [];: /var/www/cgi-bin/fs.cgi
[Sat Jun 14 15:43:08.715391 2025] [cgid:error] [pid 53601:tid 140145747535616] [client 172.70.175.222:37914] [Sat Jun 14 15:43:08 2025] fs.cgi: Exec query: SET NAMES 'utf8': /var/www/cgi-bin/fs.cgi
[Sat Jun 14 15:43:08.715446 2025] [cgid:error] [pid 53601:tid 140145747535616] [client 172.70.175.222:37914] [Sat Jun 14 15:43:08 2025] fs.cgi: Params: $VAR1 = [];: /var/www/cgi-bin/fs.cgi
[Sat Jun 14 15:43:09.270597 2025] [cgid:error] [pid 53601:tid 140145764321024] [client 162.158.79.168:53860] [Sat Jun 14 15:43:09 2025] fs.cgi: Exec query: SET NAMES 'utf8': /var/www/cgi-bin/fs.cgi
[Sat Jun 14 15:43:09.270655 2025] [cgid:error] [pid 53601:tid 140145764321024] [client 162.158.79.168:53860] [Sat Jun 14 15:43:09 2025] fs.cgi: Params: $VAR1 = [];: /var/www/cgi-bin/fs.cgi
[Sat Jun 14 15:43:09.639666 2025] [cgid:error] [pid 53601:tid 140146309584640] [client 104.23.211.84:42090] [Sat Jun 14 15:43:09 2025] fs.cgi: Exec query: SET NAMES 'utf8': /var/www/cgi-bin/fs.cgi
[Sat Jun 14 15:43:09.639734 2025] [cgid:error] [pid 53601:tid 140146309584640] [client 104.23.211.84:42090] [Sat Jun 14 15:43:09 2025] fs.cgi: Params: $VAR1 = [];: /var/www/cgi-bin/fs.cgi
[Sat Jun 14 15:43:09.773925 2025] [cgid:error] [pid 53601:tid 140145789499136] [client 104.23.211.84:42090] [Sat Jun 14 15:43:09 2025] fs.cgi: Exec query: SET NAMES 'utf8': /var/www/cgi-bin/fs.cgi
[Sat Jun 14 15:43:09.773965 2025] [cgid:error] [pid 53601:tid 140145789499136] [client 104.23.211.84:42090] [Sat Jun 14 15:43:09 2025] fs.cgi: Params: $VAR1 = [];: /var/www/cgi-bin/fs.cgi
[Sat Jun 14 15:43:10.091441 2025] [cgid:error] [pid 53601:tid 140145772713728] [client 172.71.182.74:19790] [Sat Jun 14 15:43:10 2025] fs.cgi: Exec query: SET NAMES 'utf8': /var/www/cgi-bin/fs.cgi
[Sat Jun 14 15:43:10.091497 2025] [cgid:error] [pid 53601:tid 140145772713728] [client 172.71.182.74:19790] [Sat Jun 14 15:43:10 2025] fs.cgi: Params: $VAR1 = [];: /var/www/cgi-bin/fs.cgi
[Sat Jun 14 15:43:10.427421 2025] [cgid:error] [pid 53838:tid 140146770953984] [client 172.71.182.211:24804] [Sat Jun 14 15:43:10 2025] fs.cgi: DataBaseImpl.pm did not return a true value at Modules/DataBase.pm line 7.: /var/www/cgi-bin/fs.cgi
[Sat Jun 14 15:43:10.427558 2025] [cgid:error] [pid 53838:tid 140146770953984] [client 172.71.182.211:24804] [Sat Jun 14 15:43:10 2025] fs.cgi: BEGIN failed--compilation aborted at Modules/DataBase.pm line 7.: /var/www/cgi-bin/fs.cgi
[Sat Jun 14 15:43:10.427578 2025] [cgid:error] [pid 53838:tid 140146770953984] [client 172.71.182.211:24804] [Sat Jun 14 15:43:10 2025] fs.cgi: Compilation failed in require at Modules/Session.pm line 12.: /var/www/cgi-bin/fs.cgi
[Sat Jun 14 15:43:10.427598 2025] [cgid:error] [pid 53838:tid 140146770953984] [client 172.71.182.211:24804] [Sat Jun 14 15:43:10 2025] fs.cgi: BEGIN failed--compilation aborted at Modules/Session.pm line 12.: /var/www/cgi-bin/fs.cgi
[Sat Jun 14 15:43:10.427615 2025] [cgid:error] [pid 53838:tid 140146770953984] [client 172.71.182.211:24804] [Sat Jun 14 15:43:10 2025] fs.cgi: Compilation failed in require at fs.pm line 7.: /var/www/cgi-bin/fs.cgi
[Sat Jun 14 15:43:10.427632 2025] [cgid:error] [pid 53838:tid 140146770953984] [client 172.71.182.211:24804] [Sat Jun 14 15:43:10 2025] fs.cgi: BEGIN failed--compilation aborted at fs.pm line 7.: /var/www/cgi-bin/fs.cgi
[Sat Jun 14 15:43:10.427673 2025] [cgid:error] [pid 53838:tid 140146770953984] [client 172.71.182.211:24804] [Sat Jun 14 15:43:10 2025] fs.cgi: Compilation failed in require at /var/www/cgi-bin/fs.cgi line 7.: /var/www/cgi-bin/fs.cgi
[Sat Jun 14 15:43:10.427696 2025] [cgid:error] [pid 53838:tid 140146770953984] [client 172.71.182.211:24804] [Sat Jun 14 15:43:10 2025] fs.cgi: BEGIN failed--compilation aborted at /var/www/cgi-bin/fs.cgi line 7.: /var/www/cgi-bin/fs.cgi
[Sat Jun 14 15:43:10.428092 2025] [core:error] [pid 53838:tid 140146770953984] (104)Connection reset by peer: [client 172.71.182.211:24804] AH00574: ap_content_length_filter: apr_bucket_read() failed
[Sat Jun 14 15:43:10.545496 2025] [cgid:error] [pid 53838:tid 140146351515392] [client 104.23.172.46:55644] [Sat Jun 14 15:43:10 2025] fs.cgi: DataBaseImpl.pm did not return a true value at Modules/DataBase.pm line 7.: /var/www/cgi-bin/fs.cgi
[Sat Jun 14 15:43:10.545570 2025] [cgid:error] [pid 53838:tid 140146351515392] [client 104.23.172.46:55644] [Sat Jun 14 15:43:10 2025] fs.cgi: BEGIN failed--compilation aborted at Modules/DataBase.pm line 7.: /var/www/cgi-bin/fs.cgi
[Sat Jun 14 15:43:10.545591 2025] [cgid:error] [pid 53838:tid 140146351515392] [client 104.23.172.46:55644] [Sat Jun 14 15:43:10 2025] fs.cgi: Compilation failed in require at Modules/Session.pm line 12.: /var/www/cgi-bin/fs.cgi
[Sat Jun 14 15:43:10.545611 2025] [cgid:error] [pid 53838:tid 140146351515392] [client 104.23.172.46:55644] [Sat Jun 14 15:43:10 2025] fs.cgi: BEGIN failed--compilation aborted at Modules/Session.pm line 12.: /var/www/cgi-bin/fs.cgi
[Sat Jun 14 15:43:10.545627 2025] [cgid:error] [pid 53838:tid 140146351515392] [client 104.23.172.46:55644] [Sat Jun 14 15:43:10 2025] fs.cgi: Compilation failed in require at fs.pm line 7.: /var/www/cgi-bin/fs.cgi
[Sat Jun 14 15:43:10.545655 2025] [cgid:error] [pid 53838:tid 140146351515392] [client 104.23.172.46:55644] [Sat Jun 14 15:43:10 2025] fs.cgi: BEGIN failed--compilation aborted at fs.pm line 7.: /var/www/cgi-bin/fs.cgi
[Sat Jun 14 15:43:10.545676 2025] [cgid:error] [pid 53838:tid 140146351515392] [client 104.23.172.46:55644] [Sat Jun 14 15:43:10 2025] fs.cgi: Compilation failed in require at /var/www/cgi-bin/fs.cgi line 7.: /var/www/cgi-bin/fs.cgi
[Sat Jun 14 15:43:10.545698 2025] [cgid:error] [pid 53838:tid 140146351515392] [client 104.23.172.46:55644] [Sat Jun 14 15:43:10 2025] fs.cgi: BEGIN failed--compilation aborted at /var/www/cgi-bin/fs.cgi line 7.: /var/www/cgi-bin/fs.cgi
[Sat Jun 14 15:43:10.546115 2025] [core:error] [pid 53838:tid 140146351515392] (104)Connection reset by peer: [client 104.23.172.46:55644] AH00574: ap_content_length_filter: apr_bucket_read() failed
[Sat Jun 14 15:43:11.050859 2025] [cgid:error] [pid 53838:tid 140145814644480] [client 104.23.209.123:59986] [Sat Jun 14 15:43:11 2025] fs.cgi: DataBaseImpl.pm did not return a true value at Modules/DataBase.pm line 7.: /var/www/cgi-bin/fs.cgi
[Sat Jun 14 15:43:11.050925 2025] [cgid:error] [pid 53838:tid 140145814644480] [client 104.23.209.123:59986] [Sat Jun 14 15:43:11 2025] fs.cgi: BEGIN failed--compilation aborted at Modules/DataBase.pm line 7.: /var/www/cgi-bin/fs.cgi
[Sat Jun 14 15:43:11.050948 2025] [cgid:error] [pid 53838:tid 140145814644480] [client 104.23.209.123:59986] [Sat Jun 14 15:43:11 2025] fs.cgi: Compilation failed in require at Modules/Session.pm line 12.: /var/www/cgi-bin/fs.cgi
[Sat Jun 14 15:43:11.050968 2025] [cgid:error] [pid 53838:tid 140145814644480] [client 104.23.209.123:59986] [Sat Jun 14 15:43:11 2025] fs.cgi: BEGIN failed--compilation aborted at Modules/Session.pm line 12.: /var/www/cgi-bin/fs.cgi
[Sat Jun 14 15:43:11.050984 2025] [cgid:error] [pid 53838:tid 140145814644480] [client 104.23.209.123:59986] [Sat Jun 14 15:43:11 2025] fs.cgi: Compilation failed in require at fs.pm line 7.: /var/www/cgi-bin/fs.cgi
[Sat Jun 14 15:43:11.051001 2025] [cgid:error] [pid 53838:tid 140145814644480] [client 104.23.209.123:59986] [Sat Jun 14 15:43:11 2025] fs.cgi: BEGIN failed--compilation aborted at fs.pm line 7.: /var/www/cgi-bin/fs.cgi
[Sat Jun 14 15:43:11.051020 2025] [cgid:error] [pid 53838:tid 140145814644480] [client 104.23.209.123:59986] [Sat Jun 14 15:43:11 2025] fs.cgi: Compilation failed in require at /var/www/cgi-bin/fs.cgi line 7.: /var/www/cgi-bin/fs.cgi
[Sat Jun 14 15:43:11.051041 2025] [cgid:error] [pid 53838:tid 140145814644480] [client 104.23.209.123:59986] [Sat Jun 14 15:43:11 2025] fs.cgi: BEGIN failed--compilation aborted at /var/www/cgi-bin/fs.cgi line 7.: /var/www/cgi-bin/fs.cgi
[Sat Jun 14 15:43:11.051685 2025] [core:error] [pid 53838:tid 140145814644480] (104)Connection reset by peer: [client 104.23.209.123:59986] AH00574: ap_content_length_filter: apr_bucket_read() failed
[Sat Jun 14 15:43:15.718495 2025] [cgid:error] [pid 53838:tid 140145244235520] [client 104.23.175.193:60806] [Sat Jun 14 15:43:15 2025] index.cgi: DBD::mysql::db do failed: Column 'ip' cannot be null at Modules/DataBaseImpl.pm line 74.: /var/www/cgi-bin/index.cgi, referer: https://vidbone.com/login.html
[Sat Jun 14 15:52:54.735449 2025] [cgid:error] [pid 53601:tid 140146888386304] [client 108.162.226.215:36664] [Sat Jun 14 15:52:54 2025] index.cgi: DBD::mysql::db selectrow_arrayref failed: Unknown column 'traffic' in 'field list' at Modules/DataBaseImpl.pm line 81.: /var/www/cgi-bin/index.cgi, referer: https://vidbone.com/login.html
[Sat Jun 14 16:09:02.130386 2025] [cgid:error] [pid 53838:tid 140146343122688] [client 172.70.134.198:15432] AH01241: error spawning CGI child: exec of '/var/www/cgi-bin/logs.cgi' failed (Permission denied): /var/www/cgi-bin/logs.cgi
[Sat Jun 14 16:09:02.131053 2025] [cgid:error] [pid 53838:tid 140146343122688] [client 172.70.134.198:15432] End of script output before headers: logs.cgi
[Sat Jun 14 16:12:01.670377 2025] [cgid:error] [pid 53601:tid 140147012368128] [client 172.68.245.53:29566] AH01241: error spawning CGI child: exec of '/var/www/cgi-bin/logs.cgi' failed (Permission denied): /var/www/cgi-bin/logs.cgi
[Sat Jun 14 16:12:01.670885 2025] [cgid:error] [pid 53601:tid 140147012368128] [client 172.68.245.53:29566] End of script output before headers: logs.cgi
[Sat Jun 14 16:18:02.161737 2025] [cgid:error] [pid 53838:tid 140145839822592] [client 162.158.78.83:54382] AH01241: error spawning CGI child: exec of '/var/www/cgi-bin/logs.cgi' failed (Permission denied): /var/www/cgi-bin/logs.cgi
[Sat Jun 14 16:18:02.162354 2025] [cgid:error] [pid 53838:tid 140145839822592] [client 162.158.78.83:54382] End of script output before headers: logs.cgi
[Sat Jun 14 16:20:04.357700 2025] [cgid:error] [pid 53599:tid 140145613317888] [client 172.70.143.87:54836] [Sat Jun 14 16:20:04 2025] index.cgi: DBD::mysql::db selectall_arrayref failed: Unknown column 'file_real_id' in 'where clause' at Modules/DataBaseImpl.pm line 98.: /var/www/cgi-bin/index.cgi, referer: https://vidbone.com/adm?op=admin_files&token=5076ddb0fa7c54be762267a390e886cb
[Sat Jun 14 16:20:41.199348 2025] [cgid:error] [pid 53838:tid 140145831429888] [client 172.70.142.171:21798] [Sat Jun 14 16:20:41 2025] index.cgi: DBD::mysql::db selectall_arrayref failed: Unknown column 'file_real_id' in 'where clause' at Modules/DataBaseImpl.pm line 98.: /var/www/cgi-bin/index.cgi, referer: https://vidbone.com/adm?op=admin_files&token=5076ddb0fa7c54be762267a390e886cb
[Sat Jun 14 16:21:01.717281 2025] [cgid:error] [pid 53601:tid 140146276013824] [client 172.71.222.17:64242] AH01241: error spawning CGI child: exec of '/var/www/cgi-bin/logs.cgi' failed (Permission denied): /var/www/cgi-bin/logs.cgi
[Sat Jun 14 16:21:01.717896 2025] [cgid:error] [pid 53601:tid 140146276013824] [client 172.71.222.17:64242] End of script output before headers: logs.cgi
[Sat Jun 14 16:23:46.802707 2025] [cgid:error] [pid 53838:tid 140145252628224] [client 162.158.235.21:38184] [Sat Jun 14 16:23:46 2025] index.cgi: DBD::mysql::db selectall_arrayref failed: Unknown column 'file_real_id' in 'where clause' at Modules/DataBaseImpl.pm line 98.: /var/www/cgi-bin/index.cgi, referer: https://vidbone.com/adm?op=admin_files&token=53768d0f21d76607d5e70df667565f8b
[Sat Jun 14 16:57:02.724319 2025] [cgid:error] [pid 53600:tid 140146141796096] [client 104.23.168.54:10886] AH01241: error spawning CGI child: exec of '/var/www/cgi-bin/logs.cgi' failed (Permission denied): /var/www/cgi-bin/logs.cgi
[Sat Jun 14 16:57:02.724931 2025] [cgid:error] [pid 53600:tid 140146141796096] [client 104.23.168.54:10886] End of script output before headers: logs.cgi
[Sat Jun 14 17:18:03.317096 2025] [cgid:error] [pid 53601:tid 140145764321024] [client 104.23.166.42:19626] AH01241: error spawning CGI child: exec of '/var/www/cgi-bin/logs.cgi' failed (Permission denied): /var/www/cgi-bin/logs.cgi
[Sat Jun 14 17:18:03.317752 2025] [cgid:error] [pid 53601:tid 140145764321024] [client 104.23.166.42:19626] End of script output before headers: logs.cgi
[Sat Jun 14 17:27:02.024791 2025] [cgid:error] [pid 53601:tid 140146326370048] [client 104.23.211.67:12424] AH01241: error spawning CGI child: exec of '/var/www/cgi-bin/logs.cgi' failed (Permission denied): /var/www/cgi-bin/logs.cgi
[Sat Jun 14 17:27:02.025353 2025] [cgid:error] [pid 53601:tid 140146326370048] [client 104.23.211.67:12424] End of script output before headers: logs.cgi
[Sat Jun 14 17:27:47.505801 2025] [cgid:error] [pid 53600:tid 140146166974208] [client 172.70.108.14:30024] [Sat Jun 14 17:27:47 2025] index.cgi: DBD::mysql::db selectall_arrayref failed: Unknown column 'file_real_id' in 'where clause' at Modules/DataBaseImpl.pm line 98.: /var/www/cgi-bin/index.cgi, referer: https://vidbone.com/?op=my_files
[Sat Jun 14 17:30:01.660214 2025] [cgid:error] [pid 53838:tid 140146359908096] [client 172.70.43.28:33730] AH01241: error spawning CGI child: exec of '/var/www/cgi-bin/logs.cgi' failed (Permission denied): /var/www/cgi-bin/logs.cgi
[Sat Jun 14 17:30:01.661273 2025] [cgid:error] [pid 53838:tid 140146359908096] [client 172.70.43.28:33730] End of script output before headers: logs.cgi
[Sat Jun 14 17:47:12.399170 2025] [access_compat:error] [pid 53599:tid 140146435409664] [client 162.158.122.13:60384] AH01797: client denied by server configuration: /var/www/htdocs/3ds.php
[Sat Jun 14 17:47:12.999261 2025] [access_compat:error] [pid 53601:tid 140146879993600] [client 172.70.57.160:26636] AH01797: client denied by server configuration: /var/www/htdocs/3ds.php
[Sat Jun 14 19:09:44.267288 2025] [cgid:error] [pid 53838:tid 140145806251776] [client 172.70.142.118:19540] [Sat Jun 14 19:09:44 2025] index.cgi: DBD::mysql::db selectall_arrayref failed: Unknown column 'file_real_id' in 'where clause' at Modules/DataBaseImpl.pm line 98.: /var/www/cgi-bin/index.cgi, referer: https://vidbone.com/?op=my_files
[Sat Jun 14 19:14:35.156852 2025] [cgid:error] [pid 53838:tid 140146770953984] [client 172.68.245.143:27562] Session.pm did not return a true value at fs.pm line 7.: /var/www/cgi-bin/fs.cgi
[Sat Jun 14 19:14:35.156888 2025] [cgid:error] [pid 53838:tid 140146770953984] [client 172.68.245.143:27562] BEGIN failed--compilation aborted at fs.pm line 7.: /var/www/cgi-bin/fs.cgi
[Sat Jun 14 19:14:35.156913 2025] [cgid:error] [pid 53838:tid 140146770953984] [client 172.68.245.143:27562] Compilation failed in require at /var/www/cgi-bin/fs.cgi line 7.: /var/www/cgi-bin/fs.cgi
[Sat Jun 14 19:14:35.156929 2025] [cgid:error] [pid 53838:tid 140146770953984] [client 172.68.245.143:27562] BEGIN failed--compilation aborted at /var/www/cgi-bin/fs.cgi line 7.: /var/www/cgi-bin/fs.cgi
[Sat Jun 14 19:14:35.157035 2025] [cgid:error] [pid 53838:tid 140146770953984] [client 172.68.245.143:27562] End of script output before headers: fs.cgi
[Sat Jun 14 19:14:38.846322 2025] [cgid:error] [pid 53599:tid 140145604925184] [client 172.70.92.180:48514] [Sat Jun 14 19:14:38 2025] index.cgi: Can't locate object method "CheckAuth" via package "Session" at index.pm line 51.: /var/www/cgi-bin/index.cgi
[Sat Jun 14 19:14:40.404622 2025] [cgid:error] [pid 53601:tid 140146309584640] [client 172.70.92.181:20928] [Sat Jun 14 19:14:40 2025] index.cgi: Can't locate object method "CheckAuth" via package "Session" at index.pm line 51.: /var/www/cgi-bin/index.cgi
[Sat Jun 14 19:14:52.502108 2025] [cgid:error] [pid 53601:tid 140147012368128] [client 172.71.222.214:53782] Session.pm did not return a true value at fs.pm line 7.: /var/www/cgi-bin/fs.cgi
[Sat Jun 14 19:14:52.502153 2025] [cgid:error] [pid 53601:tid 140147012368128] [client 172.71.222.214:53782] BEGIN failed--compilation aborted at fs.pm line 7.: /var/www/cgi-bin/fs.cgi
[Sat Jun 14 19:14:52.502168 2025] [cgid:error] [pid 53601:tid 140147012368128] [client 172.71.222.214:53782] Compilation failed in require at /var/www/cgi-bin/fs.cgi line 7.: /var/www/cgi-bin/fs.cgi
[Sat Jun 14 19:14:52.502184 2025] [cgid:error] [pid 53601:tid 140147012368128] [client 172.71.222.214:53782] BEGIN failed--compilation aborted at /var/www/cgi-bin/fs.cgi line 7.: /var/www/cgi-bin/fs.cgi
[Sat Jun 14 19:14:52.502290 2025] [cgid:error] [pid 53601:tid 140147012368128] [client 172.71.222.214:53782] End of script output before headers: fs.cgi
[Sat Jun 14 19:14:52.545688 2025] [cgid:error] [pid 53601:tid 140147020760832] [client 172.68.245.131:43646] Session.pm did not return a true value at fs.pm line 7.: /var/www/cgi-bin/fs.cgi
[Sat Jun 14 19:14:52.545731 2025] [cgid:error] [pid 53601:tid 140147020760832] [client 172.68.245.131:43646] BEGIN failed--compilation aborted at fs.pm line 7.: /var/www/cgi-bin/fs.cgi
[Sat Jun 14 19:14:52.545745 2025] [cgid:error] [pid 53601:tid 140147020760832] [client 172.68.245.131:43646] Compilation failed in require at /var/www/cgi-bin/fs.cgi line 7.: /var/www/cgi-bin/fs.cgi
[Sat Jun 14 19:14:52.545761 2025] [cgid:error] [pid 53601:tid 140147020760832] [client 172.68.245.131:43646] BEGIN failed--compilation aborted at /var/www/cgi-bin/fs.cgi line 7.: /var/www/cgi-bin/fs.cgi
[Sat Jun 14 19:14:52.545929 2025] [cgid:error] [pid 53601:tid 140147020760832] [client 172.68.245.131:43646] End of script output before headers: fs.cgi
[Sat Jun 14 19:14:59.195751 2025] [cgid:error] [pid 53838:tid 140145252628224] [client 172.70.92.180:13548] [Sat Jun 14 19:14:59 2025] index.cgi: DBD::mysql::db selectall_arrayref failed: Unknown column 'file_real_id' in 'where clause' at Modules/DataBaseImpl.pm line 98.: /var/www/cgi-bin/index.cgi
[Sat Jun 14 19:17:47.394720 2025] [cgid:error] [pid 53600:tid 140146812688128] [client 172.71.124.148:35128] [Sat Jun 14 19:17:47 2025] index.cgi: DBD::mysql::db selectall_arrayref failed: Unknown column 'file_real_id' in 'where clause' at Modules/DataBaseImpl.pm line 98.: /var/www/cgi-bin/index.cgi
[Sat Jun 14 19:17:48.545003 2025] [cgid:error] [pid 53838:tid 140146779346688] [client 172.71.124.149:50984] [Sat Jun 14 19:17:48 2025] index.cgi: DBD::mysql::db selectall_arrayref failed: Unknown column 'file_real_id' in 'where clause' at Modules/DataBaseImpl.pm line 98.: /var/www/cgi-bin/index.cgi
[Sat Jun 14 19:17:49.495573 2025] [cgid:error] [pid 53600:tid 140145638496000] [client 172.71.124.149:51002] [Sat Jun 14 19:17:49 2025] index.cgi: DBD::mysql::db selectall_arrayref failed: Unknown column 'file_real_id' in 'where clause' at Modules/DataBaseImpl.pm line 98.: /var/www/cgi-bin/index.cgi
[Sat Jun 14 19:18:19.701738 2025] [cgid:error] [pid 53838:tid 140146779346688] [client 172.71.195.39:54834] [Sat Jun 14 19:18:19 2025] fs.cgi: DataBaseImpl.pm did not return a true value at Modules/DataBase.pm line 7.: /var/www/cgi-bin/fs.cgi
[Sat Jun 14 19:18:19.701808 2025] [cgid:error] [pid 53838:tid 140146779346688] [client 172.71.195.39:54834] [Sat Jun 14 19:18:19 2025] fs.cgi: BEGIN failed--compilation aborted at Modules/DataBase.pm line 7.: /var/www/cgi-bin/fs.cgi
[Sat Jun 14 19:18:19.701840 2025] [cgid:error] [pid 53838:tid 140146779346688] [client 172.71.195.39:54834] [Sat Jun 14 19:18:19 2025] fs.cgi: Compilation failed in require at Modules/Session.pm line 12.: /var/www/cgi-bin/fs.cgi
[Sat Jun 14 19:18:19.701862 2025] [cgid:error] [pid 53838:tid 140146779346688] [client 172.71.195.39:54834] [Sat Jun 14 19:18:19 2025] fs.cgi: BEGIN failed--compilation aborted at Modules/Session.pm line 12.: /var/www/cgi-bin/fs.cgi
[Sat Jun 14 19:18:19.701880 2025] [cgid:error] [pid 53838:tid 140146779346688] [client 172.71.195.39:54834] [Sat Jun 14 19:18:19 2025] fs.cgi: Compilation failed in require at fs.pm line 7.: /var/www/cgi-bin/fs.cgi
[Sat Jun 14 19:18:19.701898 2025] [cgid:error] [pid 53838:tid 140146779346688] [client 172.71.195.39:54834] [Sat Jun 14 19:18:19 2025] fs.cgi: BEGIN failed--compilation aborted at fs.pm line 7.: /var/www/cgi-bin/fs.cgi
[Sat Jun 14 19:18:19.701919 2025] [cgid:error] [pid 53838:tid 140146779346688] [client 172.71.195.39:54834] [Sat Jun 14 19:18:19 2025] fs.cgi: Compilation failed in require at /var/www/cgi-bin/fs.cgi line 7.: /var/www/cgi-bin/fs.cgi
[Sat Jun 14 19:18:19.701942 2025] [cgid:error] [pid 53838:tid 140146779346688] [client 172.71.195.39:54834] [Sat Jun 14 19:18:19 2025] fs.cgi: BEGIN failed--compilation aborted at /var/www/cgi-bin/fs.cgi line 7.: /var/www/cgi-bin/fs.cgi
[Sat Jun 14 19:18:19.702762 2025] [core:error] [pid 53838:tid 140146779346688] (104)Connection reset by peer: [client 172.71.195.39:54834] AH00574: ap_content_length_filter: apr_bucket_read() failed
[Sat Jun 14 19:18:19.791440 2025] [cgid:error] [pid 53838:tid 140145856608000] [client 172.68.15.197:51564] [Sat Jun 14 19:18:19 2025] fs.cgi: DataBaseImpl.pm did not return a true value at Modules/DataBase.pm line 7.: /var/www/cgi-bin/fs.cgi
[Sat Jun 14 19:18:19.791523 2025] [cgid:error] [pid 53838:tid 140145856608000] [client 172.68.15.197:51564] [Sat Jun 14 19:18:19 2025] fs.cgi: BEGIN failed--compilation aborted at Modules/DataBase.pm line 7.: /var/www/cgi-bin/fs.cgi
[Sat Jun 14 19:18:19.791554 2025] [cgid:error] [pid 53838:tid 140145856608000] [client 172.68.15.197:51564] [Sat Jun 14 19:18:19 2025] fs.cgi: Compilation failed in require at Modules/Session.pm line 12.: /var/www/cgi-bin/fs.cgi
[Sat Jun 14 19:18:19.791581 2025] [cgid:error] [pid 53838:tid 140145856608000] [client 172.68.15.197:51564] [Sat Jun 14 19:18:19 2025] fs.cgi: BEGIN failed--compilation aborted at Modules/Session.pm line 12.: /var/www/cgi-bin/fs.cgi
[Sat Jun 14 19:18:19.791604 2025] [cgid:error] [pid 53838:tid 140145856608000] [client 172.68.15.197:51564] [Sat Jun 14 19:18:19 2025] fs.cgi: Compilation failed in require at fs.pm line 7.: /var/www/cgi-bin/fs.cgi
[Sat Jun 14 19:18:19.791627 2025] [cgid:error] [pid 53838:tid 140145856608000] [client 172.68.15.197:51564] [Sat Jun 14 19:18:19 2025] fs.cgi: BEGIN failed--compilation aborted at fs.pm line 7.: /var/www/cgi-bin/fs.cgi
[Sat Jun 14 19:18:19.791670 2025] [cgid:error] [pid 53838:tid 140145856608000] [client 172.68.15.197:51564] [Sat Jun 14 19:18:19 2025] fs.cgi: Compilation failed in require at /var/www/cgi-bin/fs.cgi line 7.: /var/www/cgi-bin/fs.cgi
[Sat Jun 14 19:18:19.791695 2025] [cgid:error] [pid 53838:tid 140145856608000] [client 172.68.15.197:51564] [Sat Jun 14 19:18:19 2025] fs.cgi: BEGIN failed--compilation aborted at /var/www/cgi-bin/fs.cgi line 7.: /var/www/cgi-bin/fs.cgi
[Sat Jun 14 19:18:19.792459 2025] [core:error] [pid 53838:tid 140145856608000] (104)Connection reset by peer: [client 172.68.15.197:51564] AH00574: ap_content_length_filter: apr_bucket_read() failed
[Sat Jun 14 19:18:25.944186 2025] [cgid:error] [pid 53838:tid 140145252628224] [client 172.70.147.83:9518] [Sat Jun 14 19:18:25 2025] index.cgi: DBD::mysql::db selectall_arrayref failed: Unknown column 'file_real_id' in 'where clause' at Modules/DataBaseImpl.pm line 77.: /var/www/cgi-bin/index.cgi
[Sat Jun 14 19:18:25.944381 2025] [cgid:error] [pid 53838:tid 140145252628224] [client 172.70.147.83:9518] [Sat Jun 14 19:18:25 2025] index.cgi: Can't execute select:: /var/www/cgi-bin/index.cgi
[Sat Jun 14 19:18:25.944416 2025] [cgid:error] [pid 53838:tid 140145252628224] [client 172.70.147.83:9518] [Sat Jun 14 19:18:25 2025] index.cgi: Unknown column 'file_real_id' in 'where clause' at Modules/DataBaseImpl.pm line 78.: /var/www/cgi-bin/index.cgi
[Sat Jun 14 19:18:27.305127 2025] [cgid:error] [pid 53838:tid 140146745775872] [client 172.70.147.83:9522] [Sat Jun 14 19:18:27 2025] index.cgi: DBD::mysql::db selectall_arrayref failed: Unknown column 'file_real_id' in 'where clause' at Modules/DataBaseImpl.pm line 77.: /var/www/cgi-bin/index.cgi
[Sat Jun 14 19:18:27.305260 2025] [cgid:error] [pid 53838:tid 140146745775872] [client 172.70.147.83:9522] [Sat Jun 14 19:18:27 2025] index.cgi: Can't execute select:: /var/www/cgi-bin/index.cgi
[Sat Jun 14 19:18:27.305287 2025] [cgid:error] [pid 53838:tid 140146745775872] [client 172.70.147.83:9522] [Sat Jun 14 19:18:27 2025] index.cgi: Unknown column 'file_real_id' in 'where clause' at Modules/DataBaseImpl.pm line 78.: /var/www/cgi-bin/index.cgi
[Sat Jun 14 19:18:35.503584 2025] [cgid:error] [pid 53599:tid 140146896779008] [client 172.70.147.83:9524] [Sat Jun 14 19:18:35 2025] index.cgi: DBD::mysql::db selectall_arrayref failed: Unknown column 'file_real_id' in 'where clause' at Modules/DataBaseImpl.pm line 77.: /var/www/cgi-bin/index.cgi, referer: https://vidbone.com/?op=my_files
[Sat Jun 14 19:18:35.503860 2025] [cgid:error] [pid 53599:tid 140146896779008] [client 172.70.147.83:9524] [Sat Jun 14 19:18:35 2025] index.cgi: Can't execute select:: /var/www/cgi-bin/index.cgi, referer: https://vidbone.com/?op=my_files
[Sat Jun 14 19:18:35.503889 2025] [cgid:error] [pid 53599:tid 140146896779008] [client 172.70.147.83:9524] [Sat Jun 14 19:18:35 2025] index.cgi: Unknown column 'file_real_id' in 'where clause' at Modules/DataBaseImpl.pm line 78.: /var/www/cgi-bin/index.cgi, referer: https://vidbone.com/?op=my_files
[Sat Jun 14 19:18:52.384953 2025] [cgid:error] [pid 53600:tid 140145604925184] [client 172.70.147.82:15218] [Sat Jun 14 19:18:52 2025] index.cgi: DBD::mysql::db selectall_arrayref failed: Unknown column 'file_real_id' in 'where clause' at Modules/DataBaseImpl.pm line 77.: /var/www/cgi-bin/index.cgi, referer: https://vidbone.com/?op=my_files
[Sat Jun 14 19:18:52.385161 2025] [cgid:error] [pid 53600:tid 140145604925184] [client 172.70.147.82:15218] [Sat Jun 14 19:18:52 2025] index.cgi: Can't execute select:: /var/www/cgi-bin/index.cgi, referer: https://vidbone.com/?op=my_files
[Sat Jun 14 19:18:52.385200 2025] [cgid:error] [pid 53600:tid 140145604925184] [client 172.70.147.82:15218] [Sat Jun 14 19:18:52 2025] index.cgi: Unknown column 'file_real_id' in 'where clause' at Modules/DataBaseImpl.pm line 78.: /var/www/cgi-bin/index.cgi, referer: https://vidbone.com/?op=my_files
[Sat Jun 14 19:20:21.375501 2025] [cgid:error] [pid 53838:tid 140147020760832] [client 172.71.222.246:28802] [Sat Jun 14 19:20:21 2025] fs.cgi: DataBaseImpl.pm did not return a true value at Modules/DataBase.pm line 7.: /var/www/cgi-bin/fs.cgi
[Sat Jun 14 19:20:21.375552 2025] [cgid:error] [pid 53838:tid 140147020760832] [client 172.71.222.246:28802] [Sat Jun 14 19:20:21 2025] fs.cgi: BEGIN failed--compilation aborted at Modules/DataBase.pm line 7.: /var/www/cgi-bin/fs.cgi
[Sat Jun 14 19:20:21.375574 2025] [cgid:error] [pid 53838:tid 140147020760832] [client 172.71.222.246:28802] [Sat Jun 14 19:20:21 2025] fs.cgi: Compilation failed in require at Modules/Session.pm line 12.: /var/www/cgi-bin/fs.cgi
[Sat Jun 14 19:20:21.375596 2025] [cgid:error] [pid 53838:tid 140147020760832] [client 172.71.222.246:28802] [Sat Jun 14 19:20:21 2025] fs.cgi: BEGIN failed--compilation aborted at Modules/Session.pm line 12.: /var/www/cgi-bin/fs.cgi
[Sat Jun 14 19:20:21.375624 2025] [cgid:error] [pid 53838:tid 140147020760832] [client 172.71.222.246:28802] [Sat Jun 14 19:20:21 2025] fs.cgi: Compilation failed in require at fs.pm line 7.: /var/www/cgi-bin/fs.cgi
[Sat Jun 14 19:20:21.375654 2025] [cgid:error] [pid 53838:tid 140147020760832] [client 172.71.222.246:28802] [Sat Jun 14 19:20:21 2025] fs.cgi: BEGIN failed--compilation aborted at fs.pm line 7.: /var/www/cgi-bin/fs.cgi
[Sat Jun 14 19:20:21.375676 2025] [cgid:error] [pid 53838:tid 140147020760832] [client 172.71.222.246:28802] [Sat Jun 14 19:20:21 2025] fs.cgi: Compilation failed in require at /var/www/cgi-bin/fs.cgi line 7.: /var/www/cgi-bin/fs.cgi
[Sat Jun 14 19:20:21.375698 2025] [cgid:error] [pid 53838:tid 140147020760832] [client 172.71.222.246:28802] [Sat Jun 14 19:20:21 2025] fs.cgi: BEGIN failed--compilation aborted at /var/www/cgi-bin/fs.cgi line 7.: /var/www/cgi-bin/fs.cgi
[Sat Jun 14 19:20:21.376330 2025] [core:error] [pid 53838:tid 140147020760832] (104)Connection reset by peer: [client 172.71.222.246:28802] AH00574: ap_content_length_filter: apr_bucket_read() failed
[Sat Jun 14 19:20:21.460068 2025] [cgid:error] [pid 53838:tid 140146745775872] [client 172.70.43.199:18946] [Sat Jun 14 19:20:21 2025] fs.cgi: DataBaseImpl.pm did not return a true value at Modules/DataBase.pm line 7.: /var/www/cgi-bin/fs.cgi
