[Sat Jun 14 19:20:21.460120 2025] [cgid:error] [pid 53838:tid 140146745775872] [client 172.70.43.199:18946] [Sat Jun 14 19:20:21 2025] fs.cgi: BEGIN failed--compilation aborted at Modules/DataBase.pm line 7.: /var/www/cgi-bin/fs.cgi
[Sat Jun 14 19:20:21.460142 2025] [cgid:error] [pid 53838:tid 140146745775872] [client 172.70.43.199:18946] [Sat Jun 14 19:20:21 2025] fs.cgi: Compilation failed in require at Modules/Session.pm line 12.: /var/www/cgi-bin/fs.cgi
[Sat Jun 14 19:20:21.460165 2025] [cgid:error] [pid 53838:tid 140146745775872] [client 172.70.43.199:18946] [Sat Jun 14 19:20:21 2025] fs.cgi: BEGIN failed--compilation aborted at Modules/Session.pm line 12.: /var/www/cgi-bin/fs.cgi
[Sat Jun 14 19:20:21.460183 2025] [cgid:error] [pid 53838:tid 140146745775872] [client 172.70.43.199:18946] [Sat Jun 14 19:20:21 2025] fs.cgi: Compilation failed in require at fs.pm line 7.: /var/www/cgi-bin/fs.cgi
[Sat Jun 14 19:20:21.460203 2025] [cgid:error] [pid 53838:tid 140146745775872] [client 172.70.43.199:18946] [Sat Jun 14 19:20:21 2025] fs.cgi: BEGIN failed--compilation aborted at fs.pm line 7.: /var/www/cgi-bin/fs.cgi
[Sat Jun 14 19:20:21.460225 2025] [cgid:error] [pid 53838:tid 140146745775872] [client 172.70.43.199:18946] [Sat Jun 14 19:20:21 2025] fs.cgi: Compilation failed in require at /var/www/cgi-bin/fs.cgi line 7.: /var/www/cgi-bin/fs.cgi
[Sat Jun 14 19:20:21.460249 2025] [cgid:error] [pid 53838:tid 140146745775872] [client 172.70.43.199:18946] [Sat Jun 14 19:20:21 2025] fs.cgi: BEGIN failed--compilation aborted at /var/www/cgi-bin/fs.cgi line 7.: /var/www/cgi-bin/fs.cgi
[Sat Jun 14 19:20:21.460931 2025] [core:error] [pid 53838:tid 140146745775872] (104)Connection reset by peer: [client 172.70.43.199:18946] AH00574: ap_content_length_filter: apr_bucket_read() failed
[Sat Jun 14 19:20:21.509778 2025] [cgid:error] [pid 53838:tid 140146787739392] [client 172.68.245.66:40406] [Sat Jun 14 19:20:21 2025] fs.cgi: DataBaseImpl.pm did not return a true value at Modules/DataBase.pm line 7.: /var/www/cgi-bin/fs.cgi
[Sat Jun 14 19:20:21.509834 2025] [cgid:error] [pid 53838:tid 140146787739392] [client 172.68.245.66:40406] [Sat Jun 14 19:20:21 2025] fs.cgi: BEGIN failed--compilation aborted at Modules/DataBase.pm line 7.: /var/www/cgi-bin/fs.cgi
[Sat Jun 14 19:20:21.509856 2025] [cgid:error] [pid 53838:tid 140146787739392] [client 172.68.245.66:40406] [Sat Jun 14 19:20:21 2025] fs.cgi: Compilation failed in require at Modules/Session.pm line 12.: /var/www/cgi-bin/fs.cgi
[Sat Jun 14 19:20:21.509878 2025] [cgid:error] [pid 53838:tid 140146787739392] [client 172.68.245.66:40406] [Sat Jun 14 19:20:21 2025] fs.cgi: BEGIN failed--compilation aborted at Modules/Session.pm line 12.: /var/www/cgi-bin/fs.cgi
[Sat Jun 14 19:20:21.509912 2025] [cgid:error] [pid 53838:tid 140146787739392] [client 172.68.245.66:40406] [Sat Jun 14 19:20:21 2025] fs.cgi: Compilation failed in require at fs.pm line 7.: /var/www/cgi-bin/fs.cgi
[Sat Jun 14 19:20:21.509932 2025] [cgid:error] [pid 53838:tid 140146787739392] [client 172.68.245.66:40406] [Sat Jun 14 19:20:21 2025] fs.cgi: BEGIN failed--compilation aborted at fs.pm line 7.: /var/www/cgi-bin/fs.cgi
[Sat Jun 14 19:20:21.509953 2025] [cgid:error] [pid 53838:tid 140146787739392] [client 172.68.245.66:40406] [Sat Jun 14 19:20:21 2025] fs.cgi: Compilation failed in require at /var/www/cgi-bin/fs.cgi line 7.: /var/www/cgi-bin/fs.cgi
[Sat Jun 14 19:20:21.509977 2025] [cgid:error] [pid 53838:tid 140146787739392] [client 172.68.245.66:40406] [Sat Jun 14 19:20:21 2025] fs.cgi: BEGIN failed--compilation aborted at /var/www/cgi-bin/fs.cgi line 7.: /var/www/cgi-bin/fs.cgi
[Sat Jun 14 19:20:21.510853 2025] [core:error] [pid 53838:tid 140146787739392] (104)Connection reset by peer: [client 172.68.245.66:40406] AH00574: ap_content_length_filter: apr_bucket_read() failed
[Sat Jun 14 19:21:26.192389 2025] [cgid:error] [pid 53599:tid 140146888386304] [client 108.162.226.184:36182] [Sat Jun 14 19:21:26 2025] index.cgi: DBD::mysql::db selectall_arrayref failed: Unknown column 'file_real_id' in 'where clause' at Modules/DataBaseImpl.pm line 98.: /var/www/cgi-bin/index.cgi
[Sat Jun 14 19:21:27.542725 2025] [cgid:error] [pid 53838:tid 140147020760832] [client 108.162.226.184:36198] [Sat Jun 14 19:21:27 2025] index.cgi: DBD::mysql::db selectall_arrayref failed: Unknown column 'file_real_id' in 'where clause' at Modules/DataBaseImpl.pm line 98.: /var/www/cgi-bin/index.cgi
[Sat Jun 14 19:21:28.369676 2025] [cgid:error] [pid 53601:tid 140146905171712] [client 108.162.226.184:36210] [Sat Jun 14 19:21:28 2025] index.cgi: DBD::mysql::db selectall_arrayref failed: Unknown column 'file_real_id' in 'where clause' at Modules/DataBaseImpl.pm line 98.: /var/www/cgi-bin/index.cgi
[Sat Jun 14 19:21:29.609182 2025] [cgid:error] [pid 53599:tid 140146418624256] [client 108.162.226.185:31718] [Sat Jun 14 19:21:29 2025] index.cgi: DBD::mysql::db selectall_arrayref failed: Unknown column 'file_real_id' in 'where clause' at Modules/DataBaseImpl.pm line 98.: /var/www/cgi-bin/index.cgi
[Sat Jun 14 19:21:30.790959 2025] [cgid:error] [pid 53600:tid 140146695452416] [client 108.162.226.184:36216] [Sat Jun 14 19:21:30 2025] index.cgi: DBD::mysql::db selectall_arrayref failed: Unknown column 'file_real_id' in 'where clause' at Modules/DataBaseImpl.pm line 98.: /var/www/cgi-bin/index.cgi
[Sat Jun 14 19:21:31.999724 2025] [cgid:error] [pid 53600:tid 140146150188800] [client 108.162.226.185:31724] [Sat Jun 14 19:21:31 2025] index.cgi: DBD::mysql::db selectall_arrayref failed: Unknown column 'file_real_id' in 'where clause' at Modules/DataBaseImpl.pm line 98.: /var/www/cgi-bin/index.cgi
[Sat Jun 14 19:21:33.202339 2025] [cgid:error] [pid 53601:tid 140146301191936] [client 108.162.226.184:36220] [Sat Jun 14 19:21:33 2025] index.cgi: DBD::mysql::db selectall_arrayref failed: Unknown column 'file_real_id' in 'where clause' at Modules/DataBaseImpl.pm line 98.: /var/www/cgi-bin/index.cgi
[Sat Jun 14 19:21:34.418268 2025] [cgid:error] [pid 53600:tid 140145638496000] [client 108.162.226.185:31734] [Sat Jun 14 19:21:34 2025] index.cgi: DBD::mysql::db selectall_arrayref failed: Unknown column 'file_real_id' in 'where clause' at Modules/DataBaseImpl.pm line 98.: /var/www/cgi-bin/index.cgi
[Sat Jun 14 19:22:46.170741 2025] [cgid:error] [pid 53600:tid 140146712237824] [client 172.69.176.13:53838] [Sat Jun 14 19:22:46 2025] index.cgi: DBD::mysql::db selectall_arrayref failed: Unknown column 'file_real_id' in 'where clause' at Modules/DataBaseImpl.pm line 98.: /var/www/cgi-bin/index.cgi
[Sat Jun 14 19:22:59.379997 2025] [cgid:error] [pid 53599:tid 140146921957120] [client 172.69.176.13:25390] [Sat Jun 14 19:22:59 2025] index.cgi: DBD::mysql::db selectall_arrayref failed: Unknown column 'file_real_id' in 'where clause' at Modules/DataBaseImpl.pm line 98.: /var/www/cgi-bin/index.cgi
[Sat Jun 14 19:23:01.083600 2025] [cgid:error] [pid 53601:tid 140146921957120] [client 172.69.176.12:35330] [Sat Jun 14 19:23:01 2025] index.cgi: DBD::mysql::db selectall_arrayref failed: Unknown column 'file_real_id' in 'where clause' at Modules/DataBaseImpl.pm line 98.: /var/www/cgi-bin/index.cgi
[Sat Jun 14 19:23:03.550377 2025] [cgid:error] [pid 53599:tid 140146896779008] [client 172.69.176.13:25402] [Sat Jun 14 19:23:03 2025] index.cgi: DBD::mysql::db selectrow_arrayref failed: Unknown column 'traffic' in 'field list' at Modules/DataBaseImpl.pm line 81.: /var/www/cgi-bin/index.cgi, referer: https://vidbone.com/?op=upload_url
[Sat Jun 14 19:23:12.843306 2025] [cgid:error] [pid 53838:tid 140147012368128] [client 172.69.176.13:18278] [Sat Jun 14 19:23:12 2025] index.cgi: DBD::mysql::db selectrow_arrayref failed: Unknown column 'traffic' in 'field list' at Modules/DataBaseImpl.pm line 81.: /var/www/cgi-bin/index.cgi, referer: https://vidbone.com/?op=upload_url
[Sat Jun 14 19:23:15.000012 2025] [cgid:error] [pid 53599:tid 140145646888704] [client 172.69.176.12:10970] [Sat Jun 14 19:23:14 2025] index.cgi: DBD::mysql::db selectrow_arrayref failed: Unknown column 'traffic' in 'field list' at Modules/DataBaseImpl.pm line 81.: /var/www/cgi-bin/index.cgi, referer: https://vidbone.com/?op=upload_url
[Sat Jun 14 19:23:16.992196 2025] [cgid:error] [pid 53838:tid 140146796132096] [client 172.69.176.12:10984] [Sat Jun 14 19:23:16 2025] index.cgi: DBD::mysql::db selectrow_arrayref failed: Unknown column 'traffic' in 'field list' at Modules/DataBaseImpl.pm line 81.: /var/www/cgi-bin/index.cgi, referer: https://vidbone.com/?op=upload_url
[Sat Jun 14 19:23:18.819577 2025] [cgid:error] [pid 53599:tid 140146435409664] [client 172.69.176.12:10994] [Sat Jun 14 19:23:18 2025] index.cgi: DBD::mysql::db selectrow_arrayref failed: Unknown column 'traffic' in 'field list' at Modules/DataBaseImpl.pm line 81.: /var/www/cgi-bin/index.cgi, referer: https://vidbone.com/?op=upload_url
[Sat Jun 14 19:23:31.905011 2025] [cgid:error] [pid 53838:tid 140147012368128] [client 172.69.176.12:42336] index.pm did not return a true value at /var/www/cgi-bin/index.cgi line 7.: /var/www/cgi-bin/index.cgi, referer: https://vidbone.com/?op=upload_url
[Sat Jun 14 19:23:31.905064 2025] [cgid:error] [pid 53838:tid 140147012368128] [client 172.69.176.12:42336] BEGIN failed--compilation aborted at /var/www/cgi-bin/index.cgi line 7.: /var/www/cgi-bin/index.cgi, referer: https://vidbone.com/?op=upload_url
[Sat Jun 14 19:23:31.905203 2025] [cgid:error] [pid 53838:tid 140147012368128] [client 172.69.176.12:42336] End of script output before headers: index.cgi, referer: https://vidbone.com/?op=upload_url
[Sat Jun 14 19:25:47.462262 2025] [cgid:error] [pid 53838:tid 140146351515392] [client 172.70.134.65:41238] AH01241: error spawning CGI child: exec of '/var/www/cgi-bin/fs.cgi' failed (Text file busy): /var/www/cgi-bin/fs.cgi
[Sat Jun 14 19:25:47.462537 2025] [cgid:error] [pid 53838:tid 140146351515392] [client 172.70.134.65:41238] End of script output before headers: fs.cgi
[Sat Jun 14 19:25:47.782596 2025] [cgid:error] [pid 53599:tid 140145630103296] [client 172.70.35.17:39654] AH01241: error spawning CGI child: exec of '/var/www/cgi-bin/fs.cgi' failed (Text file busy): /var/www/cgi-bin/fs.cgi
[Sat Jun 14 19:25:47.782990 2025] [cgid:error] [pid 53599:tid 140145630103296] [client 172.70.35.17:39654] End of script output before headers: fs.cgi
[Sat Jun 14 19:25:51.062484 2025] [cgid:error] [pid 53599:tid 140146896779008] [client 104.23.209.56:37374] fs.pm did not return a true value at /var/www/cgi-bin/fs.cgi line 7.: /var/www/cgi-bin/fs.cgi
[Sat Jun 14 19:25:51.062530 2025] [cgid:error] [pid 53599:tid 140146896779008] [client 104.23.209.56:37374] BEGIN failed--compilation aborted at /var/www/cgi-bin/fs.cgi line 7.: /var/www/cgi-bin/fs.cgi
[Sat Jun 14 19:25:51.062656 2025] [cgid:error] [pid 53599:tid 140146896779008] [client 104.23.209.56:37374] End of script output before headers: fs.cgi
[Sat Jun 14 19:25:52.019842 2025] [cgid:error] [pid 53599:tid 140147012368128] [client 172.70.34.246:43170] fs.pm did not return a true value at /var/www/cgi-bin/fs.cgi line 7.: /var/www/cgi-bin/fs.cgi
[Sat Jun 14 19:25:52.019890 2025] [cgid:error] [pid 53599:tid 140147012368128] [client 172.70.34.246:43170] BEGIN failed--compilation aborted at /var/www/cgi-bin/fs.cgi line 7.: /var/www/cgi-bin/fs.cgi
[Sat Jun 14 19:25:52.019984 2025] [cgid:error] [pid 53599:tid 140147012368128] [client 172.70.34.246:43170] End of script output before headers: fs.cgi
[Sat Jun 14 19:26:39.232329 2025] [cgid:error] [pid 53838:tid 140145252628224] [client 104.23.209.122:38976] [Sat Jun 14 19:26:39 2025] fs.cgi: DataBase.pm did not return a true value at Modules/Session.pm line 12.: /var/www/cgi-bin/fs.cgi
[Sat Jun 14 19:26:39.232394 2025] [cgid:error] [pid 53838:tid 140145252628224] [client 104.23.209.122:38976] [Sat Jun 14 19:26:39 2025] fs.cgi: BEGIN failed--compilation aborted at Modules/Session.pm line 12.: /var/www/cgi-bin/fs.cgi
[Sat Jun 14 19:26:39.232413 2025] [cgid:error] [pid 53838:tid 140145252628224] [client 104.23.209.122:38976] [Sat Jun 14 19:26:39 2025] fs.cgi: Compilation failed in require at fs.pm line 7.: /var/www/cgi-bin/fs.cgi
[Sat Jun 14 19:26:39.232432 2025] [cgid:error] [pid 53838:tid 140145252628224] [client 104.23.209.122:38976] [Sat Jun 14 19:26:39 2025] fs.cgi: BEGIN failed--compilation aborted at fs.pm line 7.: /var/www/cgi-bin/fs.cgi
[Sat Jun 14 19:26:39.232453 2025] [cgid:error] [pid 53838:tid 140145252628224] [client 104.23.209.122:38976] [Sat Jun 14 19:26:39 2025] fs.cgi: Compilation failed in require at /var/www/cgi-bin/fs.cgi line 7.: /var/www/cgi-bin/fs.cgi
[Sat Jun 14 19:26:39.232476 2025] [cgid:error] [pid 53838:tid 140145252628224] [client 104.23.209.122:38976] [Sat Jun 14 19:26:39 2025] fs.cgi: BEGIN failed--compilation aborted at /var/www/cgi-bin/fs.cgi line 7.: /var/www/cgi-bin/fs.cgi
[Sat Jun 14 19:26:39.232939 2025] [core:error] [pid 53838:tid 140145252628224] (104)Connection reset by peer: [client 104.23.209.122:38976] AH00574: ap_content_length_filter: apr_bucket_read() failed
[Sat Jun 14 19:26:39.404307 2025] [cgid:error] [pid 53601:tid 140145252628224] [client 172.70.134.161:55582] [Sat Jun 14 19:26:39 2025] fs.cgi: DataBase.pm did not return a true value at Modules/Session.pm line 12.: /var/www/cgi-bin/fs.cgi
[Sat Jun 14 19:26:39.404358 2025] [cgid:error] [pid 53601:tid 140145252628224] [client 172.70.134.161:55582] [Sat Jun 14 19:26:39 2025] fs.cgi: BEGIN failed--compilation aborted at Modules/Session.pm line 12.: /var/www/cgi-bin/fs.cgi
[Sat Jun 14 19:26:39.404377 2025] [cgid:error] [pid 53601:tid 140145252628224] [client 172.70.134.161:55582] [Sat Jun 14 19:26:39 2025] fs.cgi: Compilation failed in require at fs.pm line 7.: /var/www/cgi-bin/fs.cgi
[Sat Jun 14 19:26:39.404396 2025] [cgid:error] [pid 53601:tid 140145252628224] [client 172.70.134.161:55582] [Sat Jun 14 19:26:39 2025] fs.cgi: BEGIN failed--compilation aborted at fs.pm line 7.: /var/www/cgi-bin/fs.cgi
[Sat Jun 14 19:26:39.404422 2025] [cgid:error] [pid 53601:tid 140145252628224] [client 172.70.134.161:55582] [Sat Jun 14 19:26:39 2025] fs.cgi: Compilation failed in require at /var/www/cgi-bin/fs.cgi line 7.: /var/www/cgi-bin/fs.cgi
[Sat Jun 14 19:26:39.404469 2025] [cgid:error] [pid 53601:tid 140145252628224] [client 172.70.134.161:55582] [Sat Jun 14 19:26:39 2025] fs.cgi: BEGIN failed--compilation aborted at /var/www/cgi-bin/fs.cgi line 7.: /var/www/cgi-bin/fs.cgi
[Sat Jun 14 19:26:39.404978 2025] [core:error] [pid 53601:tid 140145252628224] (104)Connection reset by peer: [client 172.70.134.161:55582] AH00574: ap_content_length_filter: apr_bucket_read() failed
[Sat Jun 14 19:26:42.403309 2025] [cgid:error] [pid 53838:tid 140146754168576] [client 172.68.245.226:47442] [Sat Jun 14 19:26:42 2025] fs.cgi: DataBaseImpl.pm did not return a true value at Modules/DataBase.pm line 7.: /var/www/cgi-bin/fs.cgi
[Sat Jun 14 19:26:42.403385 2025] [cgid:error] [pid 53838:tid 140146754168576] [client 172.68.245.226:47442] [Sat Jun 14 19:26:42 2025] fs.cgi: BEGIN failed--compilation aborted at Modules/DataBase.pm line 7.: /var/www/cgi-bin/fs.cgi
[Sat Jun 14 19:26:42.403407 2025] [cgid:error] [pid 53838:tid 140146754168576] [client 172.68.245.226:47442] [Sat Jun 14 19:26:42 2025] fs.cgi: Compilation failed in require at Modules/Session.pm line 12.: /var/www/cgi-bin/fs.cgi
[Sat Jun 14 19:26:42.403435 2025] [cgid:error] [pid 53838:tid 140146754168576] [client 172.68.245.226:47442] [Sat Jun 14 19:26:42 2025] fs.cgi: BEGIN failed--compilation aborted at Modules/Session.pm line 12.: /var/www/cgi-bin/fs.cgi
[Sat Jun 14 19:26:42.403455 2025] [cgid:error] [pid 53838:tid 140146754168576] [client 172.68.245.226:47442] [Sat Jun 14 19:26:42 2025] fs.cgi: Compilation failed in require at fs.pm line 7.: /var/www/cgi-bin/fs.cgi
[Sat Jun 14 19:26:42.403475 2025] [cgid:error] [pid 53838:tid 140146754168576] [client 172.68.245.226:47442] [Sat Jun 14 19:26:42 2025] fs.cgi: BEGIN failed--compilation aborted at fs.pm line 7.: /var/www/cgi-bin/fs.cgi
[Sat Jun 14 19:26:42.403496 2025] [cgid:error] [pid 53838:tid 140146754168576] [client 172.68.245.226:47442] [Sat Jun 14 19:26:42 2025] fs.cgi: Compilation failed in require at /var/www/cgi-bin/fs.cgi line 7.: /var/www/cgi-bin/fs.cgi
[Sat Jun 14 19:26:42.403519 2025] [cgid:error] [pid 53838:tid 140146754168576] [client 172.68.245.226:47442] [Sat Jun 14 19:26:42 2025] fs.cgi: BEGIN failed--compilation aborted at /var/www/cgi-bin/fs.cgi line 7.: /var/www/cgi-bin/fs.cgi
[Sat Jun 14 19:26:42.404133 2025] [core:error] [pid 53838:tid 140146754168576] (104)Connection reset by peer: [client 172.68.245.226:47442] AH00574: ap_content_length_filter: apr_bucket_read() failed
[Sat Jun 14 19:26:44.894464 2025] [cgid:error] [pid 53838:tid 140145831429888] [client 149.50.103.48:40814] [Sat Jun 14 19:26:44 2025] index_dl.cgi: HCE_MD5.pm did not return a true value at index_dl.pm line 8.: /var/www/cgi-bin/index_dl.cgi
[Sat Jun 14 19:26:44.894528 2025] [cgid:error] [pid 53838:tid 140145831429888] [client 149.50.103.48:40814] [Sat Jun 14 19:26:44 2025] index_dl.cgi: BEGIN failed--compilation aborted at index_dl.pm line 8.: /var/www/cgi-bin/index_dl.cgi
[Sat Jun 14 19:26:44.894567 2025] [cgid:error] [pid 53838:tid 140145831429888] [client 149.50.103.48:40814] [Sat Jun 14 19:26:44 2025] index_dl.cgi: Compilation failed in require at /var/www/cgi-bin/index_dl.cgi line 7.: /var/www/cgi-bin/index_dl.cgi
[Sat Jun 14 19:26:44.894606 2025] [cgid:error] [pid 53838:tid 140145831429888] [client 149.50.103.48:40814] [Sat Jun 14 19:26:44 2025] index_dl.cgi: BEGIN failed--compilation aborted at /var/www/cgi-bin/index_dl.cgi line 7.: /var/www/cgi-bin/index_dl.cgi
[Sat Jun 14 19:27:09.154704 2025] [cgid:error] [pid 53601:tid 140146930349824] [client 172.68.244.170:61472] [Sat Jun 14 19:27:09 2025] fs.cgi: SecTetx.pm did not return a true value at Modules/Session.pm line 88.: /var/www/cgi-bin/fs.cgi
[Sat Jun 14 19:27:14.711818 2025] [cgid:error] [pid 53838:tid 140146762561280] [client 172.71.190.47:37944] Session.pm did not return a true value at fs.pm line 7.: /var/www/cgi-bin/fs.cgi
[Sat Jun 14 19:27:14.711862 2025] [cgid:error] [pid 53838:tid 140146762561280] [client 172.71.190.47:37944] BEGIN failed--compilation aborted at fs.pm line 7.: /var/www/cgi-bin/fs.cgi
[Sat Jun 14 19:27:14.711876 2025] [cgid:error] [pid 53838:tid 140146762561280] [client 172.71.190.47:37944] Compilation failed in require at /var/www/cgi-bin/fs.cgi line 7.: /var/www/cgi-bin/fs.cgi
[Sat Jun 14 19:27:14.711892 2025] [cgid:error] [pid 53838:tid 140146762561280] [client 172.71.190.47:37944] BEGIN failed--compilation aborted at /var/www/cgi-bin/fs.cgi line 7.: /var/www/cgi-bin/fs.cgi
[Sat Jun 14 19:27:14.711977 2025] [cgid:error] [pid 53838:tid 140146762561280] [client 172.71.190.47:37944] End of script output before headers: fs.cgi
[Sat Jun 14 19:27:15.740384 2025] [cgid:error] [pid 53838:tid 140147020760832] [client 172.71.191.37:43336] Session.pm did not return a true value at fs.pm line 7.: /var/www/cgi-bin/fs.cgi
[Sat Jun 14 19:27:15.740442 2025] [cgid:error] [pid 53838:tid 140147020760832] [client 172.71.191.37:43336] BEGIN failed--compilation aborted at fs.pm line 7.: /var/www/cgi-bin/fs.cgi
[Sat Jun 14 19:27:15.740462 2025] [cgid:error] [pid 53838:tid 140147020760832] [client 172.71.191.37:43336] Compilation failed in require at /var/www/cgi-bin/fs.cgi line 7.: /var/www/cgi-bin/fs.cgi
[Sat Jun 14 19:27:15.740482 2025] [cgid:error] [pid 53838:tid 140147020760832] [client 172.71.191.37:43336] BEGIN failed--compilation aborted at /var/www/cgi-bin/fs.cgi line 7.: /var/www/cgi-bin/fs.cgi
[Sat Jun 14 19:27:15.740536 2025] [cgid:error] [pid 53838:tid 140147020760832] [client 172.71.191.37:43336] End of script output before headers: fs.cgi
[Sat Jun 14 19:28:59.235339 2025] [mpm_event:notice] [pid 53596:tid 140147617364288] AH00492: caught SIGWINCH, shutting down gracefully
[Sat Jun 14 19:29:00.279394 2025] [core:notice] [pid 90280:tid 140191467022656] SELinux policy enabled; httpd running as context system_u:system_r:httpd_t:s0
[Sat Jun 14 19:29:00.279836 2025] [suexec:notice] [pid 90280:tid 140191467022656] AH01232: suEXEC mechanism enabled (wrapper: /usr/sbin/suexec)
[Sat Jun 14 19:29:00.287481 2025] [lbmethod_heartbeat:notice] [pid 90280:tid 140191467022656] AH02282: No slotmem from mod_heartmonitor
[Sat Jun 14 19:29:00.288345 2025] [http2:warn] [pid 90280:tid 140191467022656] AH02951: mod_ssl does not seem to be enabled
[Sat Jun 14 19:29:00.291291 2025] [mpm_event:notice] [pid 90280:tid 140191467022656] AH00489: Apache/2.4.37 (AlmaLinux) configured -- resuming normal operations
[Sat Jun 14 19:29:00.291322 2025] [core:notice] [pid 90280:tid 140191467022656] AH00094: Command line: '/usr/sbin/httpd -D FOREGROUND'
[Sat Jun 14 19:30:30.270294 2025] [mpm_event:notice] [pid 90280:tid 140191467022656] AH00492: caught SIGWINCH, shutting down gracefully
[Sat Jun 14 19:30:31.310294 2025] [core:notice] [pid 90729:tid 139912624208192] SELinux policy enabled; httpd running as context system_u:system_r:httpd_t:s0
[Sat Jun 14 19:30:31.311430 2025] [suexec:notice] [pid 90729:tid 139912624208192] AH01232: suEXEC mechanism enabled (wrapper: /usr/sbin/suexec)
[Sat Jun 14 19:30:31.317910 2025] [lbmethod_heartbeat:notice] [pid 90729:tid 139912624208192] AH02282: No slotmem from mod_heartmonitor
[Sat Jun 14 19:30:31.318409 2025] [http2:warn] [pid 90729:tid 139912624208192] AH02951: mod_ssl does not seem to be enabled
[Sat Jun 14 19:30:31.320272 2025] [mpm_event:notice] [pid 90729:tid 139912624208192] AH00489: Apache/2.4.37 (AlmaLinux) configured -- resuming normal operations
[Sat Jun 14 19:30:31.320287 2025] [core:notice] [pid 90729:tid 139912624208192] AH00094: Command line: '/usr/sbin/httpd -D FOREGROUND'
[Sat Jun 14 19:32:43.802104 2025] [cgid:error] [pid 90957:tid 139911076230912] [client 172.70.147.161:47434] [Sat Jun 14 19:32:43 2025] index.cgi: DBD::mysql::db selectall_arrayref failed: Unknown column 'file_real_id' in 'where clause' at Modules/DataBaseImpl.pm line 98.: /var/www/cgi-bin/index.cgi, referer: https://vidbone.com/adm?op=admin_files&token=ff797874a8073b3e1eebc30866b7acd7
[Sat Jun 14 19:32:43.802280 2025] [cgid:error] [pid 90957:tid 139911076230912] [client 172.70.147.161:47434] [Sat Jun 14 19:32:43 2025] index.cgi: Can't execute select:: /var/www/cgi-bin/index.cgi, referer: https://vidbone.com/adm?op=admin_files&token=ff797874a8073b3e1eebc30866b7acd7
[Sat Jun 14 19:32:43.802308 2025] [cgid:error] [pid 90957:tid 139911076230912] [client 172.70.147.161:47434] [Sat Jun 14 19:32:43 2025] index.cgi: Unknown column 'file_real_id' in 'where clause' at Modules/DataBaseImpl.pm line 99.: /var/www/cgi-bin/index.cgi, referer: https://vidbone.com/adm?op=admin_files&token=ff797874a8073b3e1eebc30866b7acd7
[Sat Jun 14 19:33:01.677358 2025] [cgid:error] [pid 90957:tid 139911101409024] [client 172.70.43.44:49432] AH01241: error spawning CGI child: exec of '/var/www/cgi-bin/logs.cgi' failed (Permission denied): /var/www/cgi-bin/logs.cgi
[Sat Jun 14 19:33:01.677871 2025] [cgid:error] [pid 90957:tid 139911101409024] [client 172.70.43.44:49432] End of script output before headers: logs.cgi
[Sat Jun 14 19:33:44.077215 2025] [cgid:error] [pid 90733:tid 139911596316416] [client 104.23.175.186:10248] [Sat Jun 14 19:33:44 2025] index.cgi: DBD::mysql::db selectall_arrayref failed: Unknown column 'file_real_id' in 'where clause' at Modules/DataBaseImpl.pm line 98.: /var/www/cgi-bin/index.cgi
[Sat Jun 14 19:33:44.077359 2025] [cgid:error] [pid 90733:tid 139911596316416] [client 104.23.175.186:10248] [Sat Jun 14 19:33:44 2025] index.cgi: Can't execute select:: /var/www/cgi-bin/index.cgi
[Sat Jun 14 19:33:44.077385 2025] [cgid:error] [pid 90733:tid 139911596316416] [client 104.23.175.186:10248] [Sat Jun 14 19:33:44 2025] index.cgi: Unknown column 'file_real_id' in 'where clause' at Modules/DataBaseImpl.pm line 99.: /var/www/cgi-bin/index.cgi
[Sat Jun 14 19:33:45.602278 2025] [cgid:error] [pid 90957:tid 139910547752704] [client 104.23.175.187:15934] [Sat Jun 14 19:33:45 2025] index.cgi: DBD::mysql::db selectall_arrayref failed: Unknown column 'file_real_id' in 'where clause' at Modules/DataBaseImpl.pm line 98.: /var/www/cgi-bin/index.cgi
[Sat Jun 14 19:33:45.602510 2025] [cgid:error] [pid 90957:tid 139910547752704] [client 104.23.175.187:15934] [Sat Jun 14 19:33:45 2025] index.cgi: Can't execute select:: /var/www/cgi-bin/index.cgi
[Sat Jun 14 19:33:45.602538 2025] [cgid:error] [pid 90957:tid 139910547752704] [client 104.23.175.187:15934] [Sat Jun 14 19:33:45 2025] index.cgi: Unknown column 'file_real_id' in 'where clause' at Modules/DataBaseImpl.pm line 99.: /var/www/cgi-bin/index.cgi
[Sat Jun 14 19:39:01.602217 2025] [cgid:error] [pid 90957:tid 139911101409024] [client 172.70.38.44:64612] AH01241: error spawning CGI child: exec of '/var/www/cgi-bin/logs.cgi' failed (Permission denied): /var/www/cgi-bin/logs.cgi
[Sat Jun 14 19:39:01.602916 2025] [cgid:error] [pid 90957:tid 139911101409024] [client 172.70.38.44:64612] End of script output before headers: logs.cgi
[Sat Jun 14 20:55:39.993705 2025] [access_compat:error] [pid 90957:tid 139911067838208] [client 172.70.215.63:61814] AH01797: client denied by server configuration: /var/www/htdocs/xmlrpc.php
[Sat Jun 14 21:42:36.102069 2025] [access_compat:error] [pid 90957:tid 139910564538112] [client 144.126.236.85:36280] AH01797: client denied by server configuration: /var/www/htdocs/password.php
[Sat Jun 14 21:42:36.259203 2025] [access_compat:error] [pid 90733:tid 139911495669504] [client 144.126.236.85:36296] AH01797: client denied by server configuration: /var/www/htdocs/upl.php
[Sat Jun 14 21:42:36.886037 2025] [access_compat:error] [pid 90734:tid 139912002426624] [client 144.126.236.85:36330] AH01797: client denied by server configuration: /var/www/htdocs/1.php
[Sat Jun 14 22:24:51.084322 2025] [core:error] [pid 90732:tid 139911646672640] [client 117.48.157.75:64836] AH00126: Invalid URI in request POST /cgi-bin/.%2e/.%2e/.%2e/.%2e/.%2e/.%2e/.%2e/.%2e/.%2e/.%2e/bin/sh HTTP/1.1
[Sat Jun 14 22:25:01.133106 2025] [access_compat:error] [pid 90734:tid 139911680210688] [client 117.48.157.75:2239] AH01797: client denied by server configuration: /var/www/htdocs/index.php
[Sat Jun 14 22:25:01.620395 2025] [access_compat:error] [pid 90734:tid 139910631646976] [client 117.48.157.75:2239] AH01797: client denied by server configuration: /var/www/htdocs/index.php
[Sat Jun 14 22:25:01.866445 2025] [access_compat:error] [pid 90734:tid 139911244019456] [client 117.48.157.75:2239] AH01797: client denied by server configuration: /var/www/htdocs/index.php
[Sat Jun 14 23:07:48.165378 2025] [cgid:error] [pid 90957:tid 139911613101824] [client 89.42.231.140:34572] AH01264: script not found or unable to stat: /var/www/cgi-bin/luci
[Sat Jun 14 23:37:30.323615 2025] [access_compat:error] [pid 90734:tid 139911193663232] [client 172.70.211.23:37452] AH01797: client denied by server configuration: /var/www/htdocs/xmlrpc.php
[Sun Jun 15 00:34:18.279581 2025] [cgid:error] [pid 90734:tid 139910614861568] [client 172.68.245.42:64864] [Sun Jun 15 00:34:18 2025] index.cgi: Template not found: Pages//faq.html at Modules/Session.pm line 270.: /var/www/cgi-bin/index.cgi
[Sun Jun 15 03:11:17.408224 2025] [access_compat:error] [pid 90734:tid 139911713781504] [client 172.70.175.19:24784] AH01797: client denied by server configuration: /var/www/htdocs/phpinfo.php
[Sun Jun 15 03:11:18.283366 2025] [access_compat:error] [pid 90957:tid 139910556145408] [client 172.70.35.50:19116] AH01797: client denied by server configuration: /var/www/htdocs/test.php
[Sun Jun 15 03:11:23.234465 2025] [access_compat:error] [pid 90732:tid 139911025907456] [client 172.71.194.83:52832] AH01797: client denied by server configuration: /var/www/htdocs/index.php
[Sun Jun 15 03:25:22.374609 2025] [cgid:error] [pid 90957:tid 139912010819328] [client 172.71.82.22:29904] [Sun Jun 15 03:25:22 2025] index.cgi: DBD::mysql::db do failed: Column 'ip' cannot be null at Modules/DataBaseImpl.pm line 72.: /var/www/cgi-bin/index.cgi, referer: https://vidbone.com/login.html
[Sun Jun 15 03:25:22.374771 2025] [cgid:error] [pid 90957:tid 139912010819328] [client 172.71.82.22:29904] [Sun Jun 15 03:25:22 2025] index.cgi: Can't exec:: /var/www/cgi-bin/index.cgi, referer: https://vidbone.com/login.html
[Sun Jun 15 03:25:22.374810 2025] [cgid:error] [pid 90957:tid 139912010819328] [client 172.71.82.22:29904] [Sun Jun 15 03:25:22 2025] index.cgi: Column 'ip' cannot be null at Modules/DataBaseImpl.pm line 72.: /var/www/cgi-bin/index.cgi, referer: https://vidbone.com/login.html
[Sun Jun 15 03:28:43.083884 2025] [cgid:error] [pid 90957:tid 139911646672640] [client 172.68.164.164:47134] [Sun Jun 15 03:28:43 2025] index.cgi: DBD::mysql::db do failed: Column 'ip' cannot be null at Modules/DataBaseImpl.pm line 72.: /var/www/cgi-bin/index.cgi, referer: https://vidbone.com/login.html
[Sun Jun 15 03:28:43.084053 2025] [cgid:error] [pid 90957:tid 139911646672640] [client 172.68.164.164:47134] [Sun Jun 15 03:28:43 2025] index.cgi: Can't exec:: /var/www/cgi-bin/index.cgi, referer: https://vidbone.com/login.html
[Sun Jun 15 03:28:43.084076 2025] [cgid:error] [pid 90957:tid 139911646672640] [client 172.68.164.164:47134] [Sun Jun 15 03:28:43 2025] index.cgi: Column 'ip' cannot be null at Modules/DataBaseImpl.pm line 72.: /var/www/cgi-bin/index.cgi, referer: https://vidbone.com/login.html
[Sun Jun 15 06:02:30.606221 2025] [access_compat:error] [pid 90732:tid 139911604709120] [client 172.70.143.206:21192] AH01797: client denied by server configuration: /var/www/htdocs/wp-login.php
[Sun Jun 15 07:37:42.098250 2025] [cgid:error] [pid 90957:tid 139910530967296] [client 172.68.138.203:24228] [Sun Jun 15 07:37:42 2025] index.cgi: Template not found: Pages//faq.html at Modules/Session.pm line 270.: /var/www/cgi-bin/index.cgi, referer: https://www.vidbone.com
[Sun Jun 15 07:37:42.324174 2025] [cgid:error] [pid 90957:tid 139910547752704] [client 104.23.209.100:23924] [Sun Jun 15 07:37:42 2025] index.cgi: Template not found: Pages//tos.html at Modules/Session.pm line 270.: /var/www/cgi-bin/index.cgi, referer: https://www.vidbone.com
[Sun Jun 15 09:51:13.401551 2025] [core:error] [pid 90957:tid 139911621494528] [client 68.183.199.113:53514] AH00126: Invalid URI in request POST /cgi-bin/.%2e/.%2e/.%2e/.%2e/.%2e/.%2e/.%2e/.%2e/.%2e/.%2e/bin/sh HTTP/1.1
[Sun Jun 15 09:51:16.737613 2025] [access_compat:error] [pid 90732:tid 139910463858432] [client 68.183.199.113:53534] AH01797: client denied by server configuration: /var/www/htdocs/index.php
[Sun Jun 15 09:51:16.815432 2025] [access_compat:error] [pid 90732:tid 139911042692864] [client 68.183.199.113:53534] AH01797: client denied by server configuration: /var/www/htdocs/index.php
[Sun Jun 15 09:51:16.854157 2025] [access_compat:error] [pid 90732:tid 139911621494528] [client 68.183.199.113:53534] AH01797: client denied by server configuration: /var/www/htdocs/index.php
[Sun Jun 15 09:58:01.985659 2025] [access_compat:error] [pid 90957:tid 139912002426624] [client 128.199.23.56:37122] AH01797: client denied by server configuration: /var/www/htdocs/1.php
[Sun Jun 15 09:58:02.519352 2025] [access_compat:error] [pid 90957:tid 139911629887232] [client 128.199.23.56:37126] AH01797: client denied by server configuration: /var/www/htdocs/password.php
[Sun Jun 15 09:58:03.587473 2025] [access_compat:error] [pid 90957:tid 139912019212032] [client 128.199.23.56:37134] AH01797: client denied by server configuration: /var/www/htdocs/upl.php
[Sun Jun 15 12:09:06.649210 2025] [access_compat:error] [pid 90957:tid 139911093016320] [client 172.69.166.21:54912] AH01797: client denied by server configuration: /var/www/htdocs/xmlrpc.php
[Sun Jun 15 12:31:26.459129 2025] [access_compat:error] [pid 90733:tid 139911629887232] [client 162.158.88.84:25324] AH01797: client denied by server configuration: /var/www/htdocs/xmlrpc.php
[Sun Jun 15 12:31:39.724418 2025] [access_compat:error] [pid 90732:tid 139911025907456] [client 108.162.227.74:29298] AH01797: client denied by server configuration: /var/www/htdocs/xmlrpc.php
[Sun Jun 15 12:36:20.181171 2025] [access_compat:error] [pid 90957:tid 139911646672640] [client 162.158.108.112:42460] AH01797: client denied by server configuration: /var/www/htdocs/xmlrpc.php
[Sun Jun 15 13:12:33.119439 2025] [access_compat:error] [pid 90732:tid 139911009122048] [client 172.71.147.218:64824] AH01797: client denied by server configuration: /var/www/htdocs/phpinfo.php
[Sun Jun 15 13:12:33.496974 2025] [access_compat:error] [pid 90957:tid 139911646672640] [client 172.71.151.139:37404] AH01797: client denied by server configuration: /var/www/htdocs/test.php
[Sun Jun 15 13:12:34.861860 2025] [access_compat:error] [pid 90957:tid 139911638279936] [client 172.68.23.46:60310] AH01797: client denied by server configuration: /var/www/htdocs/index.php
[Sun Jun 15 13:52:01.170223 2025] [access_compat:error] [pid 90957:tid 139911646672640] [client 162.158.163.120:13066] AH01797: client denied by server configuration: /var/www/htdocs/xmlrpc.php
[Sun Jun 15 14:22:06.484228 2025] [access_compat:error] [pid 90957:tid 139911638279936] [client 162.158.162.67:54316] AH01797: client denied by server configuration: /var/www/htdocs/xmlrpc.php
[Sun Jun 15 14:28:49.886022 2025] [access_compat:error] [pid 90957:tid 139911994033920] [client 172.70.142.244:25322] AH01797: client denied by server configuration: /var/www/htdocs/xmlrpc.php
[Sun Jun 15 14:29:05.443573 2025] [access_compat:error] [pid 90957:tid 139911994033920] [client 172.71.124.149:54712] AH01797: client denied by server configuration: /var/www/htdocs/xmlrpc.php
[Sun Jun 15 14:36:01.875385 2025] [cgid:error] [pid 90733:tid 139910547752704] [client 104.23.209.124:12536] AH01241: error spawning CGI child: exec of '/var/www/cgi-bin/logs.cgi' failed (Permission denied): /var/www/cgi-bin/logs.cgi
[Sun Jun 15 14:36:01.875917 2025] [cgid:error] [pid 90733:tid 139910547752704] [client 104.23.209.124:12536] End of script output before headers: logs.cgi
[Sun Jun 15 16:05:32.507461 2025] [access_compat:error] [pid 90957:tid 139911646672640] [client 172.70.134.8:43906] AH01797: client denied by server configuration: /var/www/htdocs/xmlrpc.php
[Sun Jun 15 16:07:44.750470 2025] [access_compat:error] [pid 90733:tid 139911512454912] [client 172.70.188.110:42340] AH01797: client denied by server configuration: /var/www/htdocs/xmlrpc.php
[Sun Jun 15 16:21:27.235478 2025] [access_compat:error] [pid 90957:tid 139910530967296] [client 172.70.208.159:24526] AH01797: client denied by server configuration: /var/www/htdocs/xmlrpc.php
[Sun Jun 15 16:36:01.272610 2025] [cgid:error] [pid 90957:tid 139912002426624] [client 172.68.245.48:18354] AH01241: error spawning CGI child: exec of '/var/www/cgi-bin/logs.cgi' failed (Permission denied): /var/www/cgi-bin/logs.cgi
[Sun Jun 15 16:36:01.273234 2025] [cgid:error] [pid 90957:tid 139912002426624] [client 172.68.245.48:18354] End of script output before headers: logs.cgi
[Sun Jun 15 16:39:01.548582 2025] [cgid:error] [pid 90957:tid 139912019212032] [client 104.23.211.67:53692] AH01241: error spawning CGI child: exec of '/var/www/cgi-bin/logs.cgi' failed (Permission denied): /var/www/cgi-bin/logs.cgi
[Sun Jun 15 16:39:01.548951 2025] [cgid:error] [pid 90957:tid 139912019212032] [client 104.23.211.67:53692] End of script output before headers: logs.cgi
[Sun Jun 15 16:48:17.455149 2025] [access_compat:error] [pid 90957:tid 139911621494528] [client 104.23.176.3:9864] AH01797: client denied by server configuration: /var/www/htdocs/xmlrpc.php
[Sun Jun 15 17:07:29.349453 2025] [access_compat:error] [pid 90733:tid 139910572930816] [client 172.70.142.11:29208] AH01797: client denied by server configuration: /var/www/htdocs/xmlrpc.php
[Sun Jun 15 17:27:13.443754 2025] [access_compat:error] [pid 90957:tid 139911101409024] [client 172.71.81.182:29930] AH01797: client denied by server configuration: /var/www/htdocs/xmlrpc.php
[Sun Jun 15 18:04:07.927035 2025] [access_compat:error] [pid 90732:tid 139911621494528] [client 172.70.46.96:15830] AH01797: client denied by server configuration: /var/www/htdocs/xmlrpc.php
[Sun Jun 15 20:29:26.162030 2025] [access_compat:error] [pid 90733:tid 139911613101824] [client 172.69.178.162:14638] AH01797: client denied by server configuration: /var/www/htdocs/wp-login.php
[Sun Jun 15 21:36:37.208662 2025] [access_compat:error] [pid 90957:tid 139911067838208] [client 188.114.111.199:53912] AH01797: client denied by server configuration: /var/www/htdocs/3ds.php
[Sun Jun 15 21:36:37.793912 2025] [access_compat:error] [pid 90957:tid 139910572930816] [client 162.158.122.162:25840] AH01797: client denied by server configuration: /var/www/htdocs/3ds.php
[Sun Jun 15 22:31:52.700980 2025] [access_compat:error] [pid 90957:tid 139910564538112] [client 157.230.223.141:56872] AH01797: client denied by server configuration: /var/www/htdocs/1.php
[Sun Jun 15 22:31:52.733769 2025] [access_compat:error] [pid 90733:tid 139912027604736] [client 157.230.223.141:56894] AH01797: client denied by server configuration: /var/www/htdocs/password.php
[Sun Jun 15 22:31:52.773704 2025] [access_compat:error] [pid 90957:tid 139911613101824] [client 157.230.223.141:56916] AH01797: client denied by server configuration: /var/www/htdocs/upl.php
[Sun Jun 15 22:32:50.921178 2025] [access_compat:error] [pid 90957:tid 139910556145408] [client 104.23.175.147:32098] AH01797: client denied by server configuration: /var/www/htdocs/xmlrpc.php
[Mon Jun 16 01:15:36.434325 2025] [access_compat:error] [pid 90957:tid 139911067838208] [client 172.71.222.220:10690] AH01797: client denied by server configuration: /var/www/htdocs/xmlrpc.php
[Mon Jun 16 03:07:00.146996 2025] [access_compat:error] [pid 90733:tid 139911487276800] [client 172.71.164.89:42542] AH01797: client denied by server configuration: /var/www/htdocs/xmlrpc.php
[Mon Jun 16 03:08:30.944481 2025] [access_compat:error] [pid 90733:tid 139911487276800] [client 172.68.245.124:55394] AH01797: client denied by server configuration: /var/www/htdocs/xmlrpc.php
[Mon Jun 16 03:53:42.762237 2025] [access_compat:error] [pid 90957:tid 139910572930816] [client 104.23.175.172:39566] AH01797: client denied by server configuration: /var/www/htdocs/wp-login.php
[Mon Jun 16 05:45:36.474958 2025] [access_compat:error] [pid 90957:tid 139910530967296] [client 172.70.210.138:63586] AH01797: client denied by server configuration: /var/www/htdocs/xmlrpc.php
[Mon Jun 16 05:57:08.059958 2025] [access_compat:error] [pid 90734:tid 139911663425280] [client 172.71.232.75:15384] AH01797: client denied by server configuration: /var/www/htdocs/phpinfo.php
[Mon Jun 16 05:57:08.244405 2025] [access_compat:error] [pid 90734:tid 139912019212032] [client 172.71.232.75:15384] AH01797: client denied by server configuration: /var/www/htdocs/info.php
[Mon Jun 16 05:57:12.000003 2025] [access_compat:error] [pid 90734:tid 139911705388800] [client 172.71.232.75:15384] AH01797: client denied by server configuration: /var/www/htdocs/test2.php
[Mon Jun 16 05:57:19.172783 2025] [access_compat:error] [pid 90734:tid 139911680210688] [client 172.71.232.75:15384] AH01797: client denied by server configuration: /var/www/htdocs/index.php
[Mon Jun 16 05:57:19.932840 2025] [access_compat:error] [pid 90734:tid 139911663425280] [client 172.71.232.75:15384] AH01797: client denied by server configuration: /var/www/htdocs/app_dev.php
[Mon Jun 16 05:57:23.246811 2025] [access_compat:error] [pid 90734:tid 139911688603392] [client 172.71.232.75:15384] AH01797: client denied by server configuration: /var/www/htdocs/php.php
[Mon Jun 16 05:57:23.588202 2025] [access_compat:error] [pid 90734:tid 139910598076160] [client 172.71.232.75:15384] AH01797: client denied by server configuration: /var/www/htdocs/test.php
[Mon Jun 16 05:57:23.677485 2025] [access_compat:error] [pid 90734:tid 139911227234048] [client 172.71.232.75:15384] AH01797: client denied by server configuration: /var/www/htdocs/frontend_dev.php
[Mon Jun 16 05:57:23.767627 2025] [access_compat:error] [pid 90734:tid 139911244019456] [client 172.71.232.75:15384] AH01797: client denied by server configuration: /var/www/htdocs/index.php
[Mon Jun 16 05:57:25.153097 2025] [access_compat:error] [pid 90734:tid 139911671817984] [client 172.71.232.75:15384] AH01797: client denied by server configuration: /var/www/htdocs/config.php
[Mon Jun 16 05:57:28.715002 2025] [access_compat:error] [pid 90734:tid 139911705388800] [client 172.71.232.75:15384] AH01797: client denied by server configuration: /var/www/htdocs/php-info.php
[Mon Jun 16 05:57:32.347871 2025] [access_compat:error] [pid 90734:tid 139911227234048] [client 172.71.232.75:15384] AH01797: client denied by server configuration: /var/www/htdocs/test1.php
[Mon Jun 16 06:01:11.756520 2025] [access_compat:error] [pid 90733:tid 139911495669504] [client 172.71.172.43:20684] AH01797: client denied by server configuration: /var/www/htdocs/xmlrpc.php
[Mon Jun 16 06:12:02.948428 2025] [cgid:error] [pid 90734:tid 139911696996096] [client 104.23.209.56:16728] AH01241: error spawning CGI child: exec of '/var/www/cgi-bin/logs.cgi' failed (Permission denied): /var/www/cgi-bin/logs.cgi
[Mon Jun 16 06:12:02.948688 2025] [cgid:error] [pid 90734:tid 139911696996096] [client 104.23.209.56:16728] End of script output before headers: logs.cgi
[Mon Jun 16 06:15:01.301513 2025] [cgid:error] [pid 90734:tid 139911680210688] [client 172.70.135.26:32146] AH01241: error spawning CGI child: exec of '/var/www/cgi-bin/logs.cgi' failed (Permission denied): /var/www/cgi-bin/logs.cgi
[Mon Jun 16 06:15:01.302048 2025] [cgid:error] [pid 90734:tid 139911680210688] [client 172.70.135.26:32146] End of script output before headers: logs.cgi
[Mon Jun 16 06:18:01.796129 2025] [cgid:error] [pid 90957:tid 139911076230912] [client 172.71.194.203:64124] AH01241: error spawning CGI child: exec of '/var/www/cgi-bin/logs.cgi' failed (Permission denied): /var/www/cgi-bin/logs.cgi
[Mon Jun 16 06:18:01.796683 2025] [cgid:error] [pid 90957:tid 139911076230912] [client 172.71.194.203:64124] End of script output before headers: logs.cgi
[Mon Jun 16 06:30:02.067805 2025] [cgid:error] [pid 90734:tid 139911244019456] [client 172.71.194.82:46382] AH01241: error spawning CGI child: exec of '/var/www/cgi-bin/logs.cgi' failed (Permission denied): /var/www/cgi-bin/logs.cgi
[Mon Jun 16 06:30:02.068271 2025] [cgid:error] [pid 90734:tid 139911244019456] [client 172.71.194.82:46382] End of script output before headers: logs.cgi
[Mon Jun 16 06:33:01.912331 2025] [cgid:error] [pid 90957:tid 139910556145408] [client 172.70.35.22:34004] AH01241: error spawning CGI child: exec of '/var/www/cgi-bin/logs.cgi' failed (Permission denied): /var/www/cgi-bin/logs.cgi
[Mon Jun 16 06:33:01.912985 2025] [cgid:error] [pid 90957:tid 139910556145408] [client 172.70.35.22:34004] End of script output before headers: logs.cgi
[Mon Jun 16 06:36:01.482281 2025] [cgid:error] [pid 90957:tid 139911093016320] [client 172.68.245.40:59130] AH01241: error spawning CGI child: exec of '/var/www/cgi-bin/logs.cgi' failed (Permission denied): /var/www/cgi-bin/logs.cgi
[Mon Jun 16 06:36:01.483166 2025] [cgid:error] [pid 90957:tid 139911093016320] [client 172.68.245.40:59130] End of script output before headers: logs.cgi
[Mon Jun 16 07:12:39.730933 2025] [cgid:error] [pid 90957:tid 139912002426624] [client 207.154.242.42:14222] AH01264: script not found or unable to stat: /var/www/cgi-bin/authLogin.cgi
[Mon Jun 16 07:51:03.105552 2025] [access_compat:error] [pid 90957:tid 139911076230912] [client 162.158.63.104:42428] AH01797: client denied by server configuration: /var/www/htdocs/xmlrpc.php
[Mon Jun 16 09:12:01.992291 2025] [cgid:error] [pid 90733:tid 139911646672640] [client 172.71.191.43:28346] AH01241: error spawning CGI child: exec of '/var/www/cgi-bin/logs.cgi' failed (Permission denied): /var/www/cgi-bin/logs.cgi
[Mon Jun 16 09:12:01.992685 2025] [cgid:error] [pid 90733:tid 139911646672640] [client 172.71.191.43:28346] End of script output before headers: logs.cgi
[Mon Jun 16 09:14:17.723820 2025] [access_compat:error] [pid 90732:tid 139911042692864] [client 162.158.154.157:35840] AH01797: client denied by server configuration: /var/www/htdocs/xmlrpc.php
[Mon Jun 16 09:36:01.975707 2025] [cgid:error] [pid 90957:tid 139911101409024] [client 172.68.245.161:47246] AH01241: error spawning CGI child: exec of '/var/www/cgi-bin/logs.cgi' failed (Permission denied): /var/www/cgi-bin/logs.cgi
[Mon Jun 16 09:36:01.976263 2025] [cgid:error] [pid 90957:tid 139911101409024] [client 172.68.245.161:47246] End of script output before headers: logs.cgi
[Mon Jun 16 09:39:01.236793 2025] [cgid:error] [pid 90734:tid 139912002426624] [client 172.71.194.170:60070] AH01241: error spawning CGI child: exec of '/var/www/cgi-bin/logs.cgi' failed (Permission denied): /var/www/cgi-bin/logs.cgi
[Mon Jun 16 09:39:01.237313 2025] [cgid:error] [pid 90734:tid 139912002426624] [client 172.71.194.170:60070] End of script output before headers: logs.cgi
[Mon Jun 16 09:42:01.754793 2025] [cgid:error] [pid 90957:tid 139910564538112] [client 162.158.79.57:12364] AH01241: error spawning CGI child: exec of '/var/www/cgi-bin/logs.cgi' failed (Permission denied): /var/www/cgi-bin/logs.cgi
[Mon Jun 16 09:42:01.755194 2025] [cgid:error] [pid 90957:tid 139910564538112] [client 162.158.79.57:12364] End of script output before headers: logs.cgi
[Mon Jun 16 09:45:01.448757 2025] [cgid:error] [pid 90732:tid 139911017514752] [client 172.71.195.94:17900] AH01241: error spawning CGI child: exec of '/var/www/cgi-bin/logs.cgi' failed (Permission denied): /var/www/cgi-bin/logs.cgi
[Mon Jun 16 09:45:01.449580 2025] [cgid:error] [pid 90732:tid 139911017514752] [client 172.71.195.94:17900] End of script output before headers: logs.cgi
[Mon Jun 16 09:48:01.822026 2025] [cgid:error] [pid 90733:tid 139911646672640] [client 172.70.38.155:33742] AH01241: error spawning CGI child: exec of '/var/www/cgi-bin/logs.cgi' failed (Permission denied): /var/www/cgi-bin/logs.cgi
[Mon Jun 16 09:48:01.822256 2025] [cgid:error] [pid 90733:tid 139911646672640] [client 172.70.38.155:33742] End of script output before headers: logs.cgi
[Mon Jun 16 09:54:01.816233 2025] [cgid:error] [pid 90957:tid 139911646672640] [client 172.71.195.35:16140] AH01241: error spawning CGI child: exec of '/var/www/cgi-bin/logs.cgi' failed (Permission denied): /var/www/cgi-bin/logs.cgi
[Mon Jun 16 09:54:01.816915 2025] [cgid:error] [pid 90957:tid 139911646672640] [client 172.71.195.35:16140] End of script output before headers: logs.cgi
[Mon Jun 16 10:09:02.177497 2025] [cgid:error] [pid 90734:tid 139911663425280] [client 162.158.78.12:10200] AH01241: error spawning CGI child: exec of '/var/www/cgi-bin/logs.cgi' failed (Permission denied): /var/www/cgi-bin/logs.cgi
[Mon Jun 16 10:09:02.178197 2025] [cgid:error] [pid 90734:tid 139911663425280] [client 162.158.78.12:10200] End of script output before headers: logs.cgi
[Mon Jun 16 10:27:09.548281 2025] [access_compat:error] [pid 90732:tid 139910489036544] [client 167.99.250.174:51718] AH01797: client denied by server configuration: /var/www/htdocs/1.php
[Mon Jun 16 10:27:09.737130 2025] [access_compat:error] [pid 90734:tid 139911202055936] [client 167.99.250.174:51722] AH01797: client denied by server configuration: /var/www/htdocs/password.php
[Mon Jun 16 10:27:10.116104 2025] [access_compat:error] [pid 90734:tid 139911994033920] [client 167.99.250.174:51736] AH01797: client denied by server configuration: /var/www/htdocs/upl.php
[Mon Jun 16 10:33:22.331292 2025] [cgid:error] [pid 90733:tid 139912002426624] [client 104.234.115.145:32860] AH01264: script not found or unable to stat: /var/www/cgi-bin/login.cgi
[Mon Jun 16 10:45:01.320855 2025] [cgid:error] [pid 90733:tid 139911629887232] [client 172.70.42.132:50000] AH01241: error spawning CGI child: exec of '/var/www/cgi-bin/logs.cgi' failed (Permission denied): /var/www/cgi-bin/logs.cgi
[Mon Jun 16 10:45:01.321370 2025] [cgid:error] [pid 90733:tid 139911629887232] [client 172.70.42.132:50000] End of script output before headers: logs.cgi
[Mon Jun 16 10:48:01.695347 2025] [cgid:error] [pid 90732:tid 139911780890368] [client 172.70.39.20:60608] AH01241: error spawning CGI child: exec of '/var/www/cgi-bin/logs.cgi' failed (Permission denied): /var/www/cgi-bin/logs.cgi
[Mon Jun 16 10:48:01.695977 2025] [cgid:error] [pid 90732:tid 139911780890368] [client 172.70.39.20:60608] End of script output before headers: logs.cgi
[Mon Jun 16 11:58:17.796953 2025] [access_compat:error] [pid 90734:tid 139911218841344] [client 172.69.59.250:43798] AH01797: client denied by server configuration: /var/www/htdocs/xmlrpc.php
[Mon Jun 16 12:10:38.575958 2025] [access_compat:error] [pid 90957:tid 139911646672640] [client 172.69.178.163:48038] AH01797: client denied by server configuration: /var/www/htdocs/xmlrpc.php
[Mon Jun 16 12:15:58.140219 2025] [access_compat:error] [pid 90733:tid 139912019212032] [client 172.69.176.138:16314] AH01797: client denied by server configuration: /var/www/htdocs/xmlrpc.php
[Mon Jun 16 12:18:51.204913 2025] [access_compat:error] [pid 90734:tid 139911688603392] [client 162.158.106.197:37268] AH01797: client denied by server configuration: /var/www/htdocs/xmlrpc.php
[Mon Jun 16 12:19:40.276190 2025] [access_compat:error] [pid 90734:tid 139911218841344] [client 172.69.166.42:60352] AH01797: client denied by server configuration: /var/www/htdocs/xmlrpc.php
[Mon Jun 16 12:19:59.842714 2025] [access_compat:error] [pid 90732:tid 139911646672640] [client 172.71.124.219:59572] AH01797: client denied by server configuration: /var/www/htdocs/xmlrpc.php
[Mon Jun 16 12:30:27.321384 2025] [cgid:error] [pid 90957:tid 139912002426624] [client 45.135.194.34:56144] AH01264: script not found or unable to stat: /var/www/cgi-bin/luci
[Mon Jun 16 12:45:01.312363 2025] [cgid:error] [pid 90957:tid 139912019212032] [client 172.71.223.124:16890] AH01241: error spawning CGI child: exec of '/var/www/cgi-bin/logs.cgi' failed (Permission denied): /var/www/cgi-bin/logs.cgi
